Component: ARM Compiler 5.06 update 1 (build 61) Tool: armlink [4d35a8]

==============================================================================

Section Cross References

    main.o(i.main) refers to basic.o(i.delay_init) for delay_init
    main.o(i.main) refers to basic.o(i.LED_Init) for LED_Init
    main.o(i.main) refers to hal_gpio.o(i.GPIO_ResetBits) for GPIO_ResetBits
    main.o(i.main) refers to basic.o(i.KEY_Init) for KEY_Init
    main.o(i.main) refers to app.o(i.ID_Flash_Init) for ID_Flash_Init
    main.o(i.main) refers to app.o(i.Read_IDs_From_Flash) for Read_IDs_From_Flash
    main.o(i.main) refers to scio.o(i.SCIO_Init) for SCIO_Init
    main.o(i.main) refers to as5600.o(i.AS5600_Init) for AS5600_Init
    main.o(i.main) refers to as5600.o(i.IIC_interrupt_Init) for IIC_interrupt_Init
    main.o(i.main) refers to basic.o(i.delay_ms) for delay_ms
    main.o(i.main) refers to ctrl.o(i.Ctrl_Parameter_Init) for Ctrl_Parameter_Init
    main.o(i.main) refers to svpwm.o(i.SVPWM_Init) for SVPWM_Init
    main.o(i.main) refers to svpwm.o(i.FOAC) for FOAC
    main.o(i.main) refers to app.o(i.Flash_Process) for Flash_Process
    main.o(i.main) refers to app.o(i.FeedBack_Process) for FeedBack_Process
    system_mm32f003_q.o(i.SetSysClock) refers to system_mm32f003_q.o(i.SetSysClockTo48_HSI) for SetSysClockTo48_HSI
    system_mm32f003_q.o(i.SystemInit) refers to system_mm32f003_q.o(i.SetSysClock) for SetSysClock
    startup_mm32f003_q.o(STACK) refers (Special) to heapauxi.o(.text) for __use_two_region_memory
    startup_mm32f003_q.o(HEAP) refers (Special) to heapauxi.o(.text) for __use_two_region_memory
    startup_mm32f003_q.o(RESET) refers (Special) to heapauxi.o(.text) for __use_two_region_memory
    startup_mm32f003_q.o(RESET) refers to startup_mm32f003_q.o(STACK) for __initial_sp
    startup_mm32f003_q.o(RESET) refers to startup_mm32f003_q.o(.text) for Reset_Handler
    startup_mm32f003_q.o(RESET) refers to basic.o(i.SysTick_Handler) for SysTick_Handler
    startup_mm32f003_q.o(RESET) refers to app.o(i.TIM2_IRQHandler) for TIM2_IRQHandler
    startup_mm32f003_q.o(RESET) refers to app.o(i.TIM3_IRQHandler) for TIM3_IRQHandler
    startup_mm32f003_q.o(RESET) refers to as5600.o(i.I2C1_IRQHandler) for I2C1_IRQHandler
    startup_mm32f003_q.o(RESET) refers to uart.o(i.UART2_IRQHandler) for UART2_IRQHandler
    startup_mm32f003_q.o(.text) refers (Special) to heapauxi.o(.text) for __use_two_region_memory
    startup_mm32f003_q.o(.text) refers to startup_mm32f003_q.o(STACK) for __initial_sp
    startup_mm32f003_q.o(.text) refers to system_mm32f003_q.o(i.SystemInit) for SystemInit
    startup_mm32f003_q.o(.text) refers to __main.o(!!!main) for __main
    startup_mm32f003_q.o(.text) refers to startup_mm32f003_q.o(HEAP) for Heap_Mem
    adc.o(i.ADC1_SingleChannel_Get) refers to hal_adc.o(i.ADC_SoftwareStartConvCmd) for ADC_SoftwareStartConvCmd
    adc.o(i.ADC1_SingleChannel_Get) refers to hal_adc.o(i.ADC_GetFlagStatus) for ADC_GetFlagStatus
    adc.o(i.ADC1_SingleChannel_Get) refers to hal_adc.o(i.ADC_ClearFlag) for ADC_ClearFlag
    adc.o(i.ADC1_SingleChannel_Get) refers to hal_adc.o(i.ADC_GetConversionValue) for ADC_GetConversionValue
    adc.o(i.ADC_Data_Get) refers to hal_adc.o(i.ADC_GetFlagStatus) for ADC_GetFlagStatus
    adc.o(i.ADC_Data_Get) refers to hal_adc.o(i.ADC_ClearFlag) for ADC_ClearFlag
    adc.o(i.ADC_Data_Get) refers to hal_adc.o(i.ADC_GetConversionValue) for ADC_GetConversionValue
    adc.o(i.ADC_Single_Init) refers to hal_rcc.o(i.RCC_AHBPeriphClockCmd) for RCC_AHBPeriphClockCmd
    adc.o(i.ADC_Single_Init) refers to hal_rcc.o(i.RCC_APB2PeriphClockCmd) for RCC_APB2PeriphClockCmd
    adc.o(i.ADC_Single_Init) refers to hal_gpio.o(i.GPIO_Init) for GPIO_Init
    adc.o(i.ADC_Single_Init) refers to hal_adc.o(i.ADC_Init) for ADC_Init
    adc.o(i.ADC_Single_Init) refers to hal_adc.o(i.ADC_RegularChannelConfig) for ADC_RegularChannelConfig
    adc.o(i.ADC_Single_Init) refers to hal_adc.o(i.ADC_Cmd) for ADC_Cmd
    adc.o(i.ADC_Start) refers to hal_adc.o(i.ADC_SoftwareStartConvCmd) for ADC_SoftwareStartConvCmd
    as5600.o(i.AS5600_Init) refers to as5600.o(i.IIC_Init) for IIC_Init
    as5600.o(i.AS5600_Init) refers to hal_i2c.o(i.I2C_SendData) for I2C_SendData
    as5600.o(i.AS5600_Init) refers to hal_i2c.o(i.I2C_GetFlagStatus) for I2C_GetFlagStatus
    as5600.o(i.AS5600_Init) refers to hal_i2c.o(i.I2C_GenerateSTOP) for I2C_GenerateSTOP
    as5600.o(i.AS5600_Init) refers to hal_i2c.o(i.I2C_ReadCmd) for I2C_ReadCmd
    as5600.o(i.AS5600_Init) refers to hal_i2c.o(i.I2C_ReceiveData) for I2C_ReceiveData
    as5600.o(i.AS5600_Init) refers to as5600.o(i.Parameter_Init) for Parameter_Init
    as5600.o(i.AS5600_read_POLL) refers to hal_i2c.o(i.I2C_GetFlagStatus) for I2C_GetFlagStatus
    as5600.o(i.AS5600_read_POLL) refers to hal_i2c.o(i.I2C_GenerateSTOP) for I2C_GenerateSTOP
    as5600.o(i.AS5600_read_POLL) refers to hal_i2c.o(i.I2C_GetITStatus) for I2C_GetITStatus
[...]
    ..\device\MM32F003_q\Source\system_MM32F003_q.c 0x00000000   Number         0  system_mm32f003_q.o ABSOLUTE
    ..\lib\ADC\ADC.c                         0x00000000   Number         0  adc.o ABSOLUTE
    ..\lib\AS5600\AS5600.c                   0x00000000   Number         0  as5600.o ABSOLUTE
    ..\lib\Basic\Basic.c                     0x00000000   Number         0  basic.o ABSOLUTE
    ..\lib\Ctrl\Ctrl.c                       0x00000000   Number         0  ctrl.o ABSOLUTE
    ..\lib\SCIO\scio.c                       0x00000000   Number         0  scio.o ABSOLUTE
    ..\lib\SVPWM\SVPWM.c                     0x00000000   Number         0  svpwm.o ABSOLUTE
    ..\lib\UART\UART.c                       0x00000000   Number         0  uart.o ABSOLUTE
    ..\main\main.c                           0x00000000   Number         0  main.o ABSOLUTE
    dc.s                                     0x00000000   Number         0  dc.o ABSOLUTE
    RESET                                    0x08000000   Section      180  startup_mm32f003_q.o(RESET)
    !!!main                                  0x080000b4   Section        8  __main.o(!!!main)
    !!!scatter                               0x080000bc   Section       60  __scatter.o(!!!scatter)
    !!handler_copy                           0x080000f8   Section       26  __scatter_copy.o(!!handler_copy)
    !!handler_zi                             0x08000114   Section       28  __scatter_zi.o(!!handler_zi)
    .ARM.Collect$$_printf_percent$$00000000  0x08000130   Section        2  _printf_percent.o(.ARM.Collect$$_printf_percent$$00000000)
    .ARM.Collect$$_printf_percent$$00000009  0x08000132   Section       10  _printf_d.o(.ARM.Collect$$_printf_percent$$00000009)
    .ARM.Collect$$_printf_percent$$00000017  0x0800013c   Section        4  _printf_percent_end.o(.ARM.Collect$$_printf_percent$$00000017)
    .ARM.Collect$$libinit$$00000000          0x08000140   Section        2  libinit.o(.ARM.Collect$$libinit$$00000000)
    .ARM.Collect$$libinit$$00000002          0x08000142   Section        0  libinit2.o(.ARM.Collect$$libinit$$00000002)
    .ARM.Collect$$libinit$$00000004          0x08000142   Section        0  libinit2.o(.ARM.Collect$$libinit$$00000004)
    .ARM.Collect$$libinit$$0000000A          0x08000142   Section        0  libinit2.o(.ARM.Collect$$libinit$$0000000A)
    .ARM.Collect$$libinit$$0000000C          0x08000142   Section        0  libinit2.o(.ARM.Collect$$libinit$$0000000C)
    .ARM.Collect$$libinit$$0000000E          0x08000142   Section        0  libinit2.o(.ARM.Collect$$libinit$$0000000E)
    .ARM.Collect$$libinit$$00000011          0x08000142   Section        0  libinit2.o(.ARM.Collect$$libinit$$00000011)
    .ARM.Collect$$libinit$$00000013          0x08000142   Section        0  libinit2.o(.ARM.Collect$$libinit$$00000013)
    .ARM.Collect$$libinit$$00000015          0x08000142   Section        0  libinit2.o(.ARM.Collect$$libinit$$00000015)
    .ARM.Collect$$libinit$$00000017          0x08000142   Section        0  libinit2.o(.ARM.Collect$$libinit$$00000017)
    .ARM.Collect$$libinit$$00000019          0x08000142   Section        0  libinit2.o(.ARM.Collect$$libinit$$00000019)
    .ARM.Collect$$libinit$$0000001B          0x08000142   Section        0  libinit2.o(.ARM.Collect$$libinit$$0000001B)
    .ARM.Collect$$libinit$$0000001D          0x08000142   Section        0  libinit2.o(.ARM.Collect$$libinit$$0000001D)
    .ARM.Collect$$libinit$$0000001F          0x08000142   Section        0  libinit2.o(.ARM.Collect$$libinit$$0000001F)
    .ARM.Collect$$libinit$$00000021          0x08000142   Section        0  libinit2.o(.ARM.Collect$$libinit$$00000021)
    .ARM.Collect$$libinit$$00000023          0x08000142   Section        0  libinit2.o(.ARM.Collect$$libinit$$00000023)
    .ARM.Collect$$libinit$$00000025          0x08000142   Section        0  libinit2.o(.ARM.Collect$$libinit$$00000025)
    .ARM.Collect$$libinit$$0000002C          0x08000142   Section        0  libinit2.o(.ARM.Collect$$libinit$$0000002C)
    .ARM.Collect$$libinit$$0000002E          0x08000142   Section        0  libinit2.o(.ARM.Collect$$libinit$$0000002E)
    .ARM.Collect$$libinit$$00000030          0x08000142   Section        0  libinit2.o(.ARM.Collect$$libinit$$00000030)
    .ARM.Collect$$libinit$$00000032          0x08000142   Section        0  libinit2.o(.ARM.Collect$$libinit$$00000032)
    .ARM.Collect$$libinit$$00000033          0x08000142   Section        2  libinit2.o(.ARM.Collect$$libinit$$00000033)
    .ARM.Collect$$libshutdown$$00000000      0x08000144   Section        2  libshutdown.o(.ARM.Collect$$libshutdown$$00000000)
    .ARM.Collect$$libshutdown$$00000002      0x08000146   Section        0  libshutdown2.o(.ARM.Collect$$libshutdown$$00000002)
    .ARM.Collect$$libshutdown$$00000004      0x08000146   Section        0  libshutdown2.o(.ARM.Collect$$libshutdown$$00000004)
    .ARM.Collect$$libshutdown$$00000007      0x08000146   Section        0  libshutdown2.o(.ARM.Collect$$libshutdown$$00000007)
    .ARM.Collect$$libshutdown$$0000000A      0x08000146   Section        0  libshutdown2.o(.ARM.Collect$$libshutdown$$0000000A)
    .ARM.Collect$$libshutdown$$0000000C      0x08000146   Section        0  libshutdown2.o(.ARM.Collect$$libshutdown$$0000000C)
    .ARM.Collect$$libshutdown$$0000000F      0x08000146   Section        0  libshutdown2.o(.ARM.Collect$$libshutdown$$0000000F)
    .ARM.Collect$$libshutdown$$00000010      0x08000146   Section        2  libshutdown2.o(.ARM.Collect$$libshutdown$$00000010)
    .ARM.Collect$$rtentry$$00000000          0x08000148   Section        0  __rtentry.o(.ARM.Collect$$rtentry$$00000000)
    .ARM.Collect$$rtentry$$00000002          0x08000148   Section        0  __rtentry2.o(.ARM.Collect$$rtentry$$00000002)
    .ARM.Collect$$rtentry$$00000004          0x08000148   Section        6  __rtentry4.o(.ARM.Collect$$rtentry$$00000004)
    .ARM.Collect$$rtentry$$00000009          0x0800014e   Section        0  __rtentry2.o(.ARM.Collect$$rtentry$$00000009)
    .ARM.Collect$$rtentry$$0000000A          0x0800014e   Section        4  __rtentry2.o(.ARM.Collect$$rtentry$$0000000A)
    .ARM.Collect$$rtentry$$0000000C          0x08000152   Section        0  __rtentry2.o(.ARM.Collect$$rtentry$$0000000C)
    .ARM.Collect$$rtentry$$0000000D          0x08000152   Section        8  __rtentry2.o(.ARM.Collect$$rtentry$$0000000D)
    .ARM.Collect$$rtexit$$00000000           0x0800015a   Section        2  rtexit.o(.ARM.Collect$$rtexit$$00000000)
    .ARM.Collect$$rtexit$$00000002           0x0800015c   Section        0  rtexit2.o(.ARM.Collect$$rtexit$$00000002)
    .ARM.Collect$$rtexit$$00000003           0x0800015c   Section        4  rtexit2.o(.ARM.Collect$$rtexit$$00000003)
    .ARM.Collect$$rtexit$$00000004           0x08000160   Section        6  rtexit2.o(.ARM.Collect$$rtexit$$00000004)
    .text                                    0x08000168   Section      120  startup_mm32f003_q.o(.text)
    .text                                    0x080001e0   Section        0  __2sprintf.o(.text)
    .text                                    0x0800020c   Section        0  __printf.o(.text)
    .text                                    0x08000278   Section        0  _printf_dec.o(.text)
    .text                                    0x080002e4   Section      346  aeabi_sdiv.o(.text)
    .text                                    0x0800043e   Section        0  heapauxi.o(.text)
    .text                                    0x08000444   Section        0  daddsub.o(.text)
    _dadd1                                   0x08000445   Thumb Code   290  daddsub.o(.text)
    _dsub1                                   0x08000567   Thumb Code   470  daddsub.o(.text)
    .text                                    0x0800079c   Section        0  dfixui.o(.text)
    .text                                    0x080007e4   Section        0  dflti.o(.text)
    .text                                    0x0800083c   Section        0  dmul.o(.text)
    .text                                    0x08000a84   Section        0  f2d.o(.text)
    .text                                    0x08000ad8   Section        0  fdiv.o(.text)
    .text                                    0x08000c38   Section        0  ffixi.o(.text)
    .text                                    0x08000c84   Section        0  ffixui.o(.text)
    .text                                    0x08000cb4   Section        0  fflti.o(.text)
    .text                                    0x08000d12   Section        0  _printf_intcommon.o(.text)
    .text                                    0x08000dc4   Section        0  _printf_char_common.o(.text)
    _printf_input_char                       0x08000dc5   Thumb Code    10  _printf_char_common.o(.text)
    .text                                    0x08000df4   Section        0  _sputc.o(.text)
    .text                                    0x08000dfe   Section        0  rtudiv10.o(.text)
    .text                                    0x08000e28   Section        0  dcmpin.o(.text)
    .text                                    0x08000eb8   Section        0  fcmpin.o(.text)
    .text                                    0x08000f1c   Section        0  cmpret.o(.text)
    .text                                    0x08000f4c   Section        0  dnan2.o(.text)
    .text                                    0x08000f60   Section        0  fnan2.o(.text)
    .text                                    0x08000f70   Section       62  sys_stackheap_outer.o(.text)
    .text                                    0x08000fae   Section        0  exit.o(.text)
    .text                                    0x08000fbe   Section        0  retnan.o(.text)
    .text                                    0x0800101c   Section        8  libspace.o(.text)
    .text                                    0x08001024   Section        0  sys_exit.o(.text)
    .text                                    0x08001030   Section        2  use_no_semi.o(.text)
    .text                                    0x08001032   Section        0  indicate_semi.o(.text)
    i.AS5600_Init                            0x08001034   Section        0  as5600.o(i.AS5600_Init)
    i.AS5600_Process                         0x08001104   Section        0  app.o(i.AS5600_Process)
    i.Ctrl_Parameter_Init                    0x0800123c   Section        0  ctrl.o(i.Ctrl_Parameter_Init)
    i.Ctrl_Process                           0x08001240   Section        0  app.o(i.Ctrl_Process)
    i.DMA_ClearFlag                          0x080012e0   Section        0  hal_dma.o(i.DMA_ClearFlag)
    i.DMA_Cmd                                0x080012ec   Section        0  hal_dma.o(i.DMA_Cmd)
    i.DMA_DeInit                             0x08001304   Section        0  hal_dma.o(i.DMA_DeInit)
    i.DMA_GetFlagStatus                      0x080013a8   Section        0  hal_dma.o(i.DMA_GetFlagStatus)
    i.DMA_ITConfig                           0x080013c8   Section        0  hal_dma.o(i.DMA_ITConfig)
    i.DMA_Init                               0x080013dc   Section        0  hal_dma.o(i.DMA_Init)
    i.DMA_Set_MemoryAddress                  0x0800141c   Section        0  scio.o(i.DMA_Set_MemoryAddress)
    i.DMA_Set_MemoryInc_Enable               0x08001420   Section        0  scio.o(i.DMA_Set_MemoryInc_Enable)
    i.DMA_Set_TransmitLen                    0x08001438   Section        0  scio.o(i.DMA_Set_TransmitLen)
    i.DRV_DMA_TransmitPacket                 0x0800143c   Section        0  scio.o(i.DRV_DMA_TransmitPacket)
    i.FLASH_ClearFlag                        0x08001470   Section        0  hal_flash.o(i.FLASH_ClearFlag)
    i.FLASH_ErasePage                        0x0800147c   Section        0  hal_flash.o(i.FLASH_ErasePage)
    i.FLASH_GetStatus                        0x080014d0   Section        0  hal_flash.o(i.FLASH_GetStatus)
    i.FLASH_Lock                             0x0800150c   Section        0  hal_flash.o(i.FLASH_Lock)
    i.FLASH_ProgramWord                      0x08001520   Section        0  hal_flash.o(i.FLASH_ProgramWord)
    i.FLASH_Unlock                           0x08001588   Section        0  hal_flash.o(i.FLASH_Unlock)
    i.FLASH_WaitForLastOperation             0x080015a0   Section        0  hal_flash.o(i.FLASH_WaitForLastOperation)
    i.FOAC                                   0x080015cc   Section        0  svpwm.o(i.FOAC)
    i.FeedBack_Process                       0x08001628   Section        0  app.o(i.FeedBack_Process)
    i.Flash_Process                          0x08001770   Section        0  app.o(i.Flash_Process)
    i.GPIO_Clock_Set                         0x0800178c   Section        0  basic.o(i.GPIO_Clock_Set)
    i.GPIO_Init                              0x080017e0   Section        0  hal_gpio.o(i.GPIO_Init)
    i.GPIO_PinAFConfig                       0x080018be   Section        0  hal_gpio.o(i.GPIO_PinAFConfig)
    i.GPIO_ResetBits                         0x08001904   Section        0  hal_gpio.o(i.GPIO_ResetBits)
    i.Get_new_Data                           0x08001908   Section        0  app.o(i.Get_new_Data)
    i.I2C1BusFreeGPIOMode                    0x08001914   Section        0  as5600.o(i.I2C1BusFreeGPIOMode)
    i.I2C1ConfigGPIOMode                     0x08001958   Section        0  as5600.o(i.I2C1ConfigGPIOMode)
    i.I2C1_IRQHandler                        0x080019b0   Section        0  as5600.o(i.I2C1_IRQHandler)
    i.I2C_ClearITPendingBit                  0x08001c68   Section        0  hal_i2c.o(i.I2C_ClearITPendingBit)
    i.I2C_Cmd                                0x08001cfc   Section        0  hal_i2c.o(i.I2C_Cmd)
    i.I2C_GenerateSTOP                       0x08001d20   Section        0  hal_i2c.o(i.I2C_GenerateSTOP)
    i.I2C_GetFlagStatus                      0x08001d4c   Section        0  hal_i2c.o(i.I2C_GetFlagStatus)
    i.I2C_GetITStatus                        0x08001d9c   Section        0  hal_i2c.o(i.I2C_GetITStatus)
    i.I2C_ITConfig                           0x08001db0   Section        0  hal_i2c.o(i.I2C_ITConfig)
    i.I2C_Init                               0x08001dcc   Section        0  hal_i2c.o(i.I2C_Init)
    i.I2C_ReadCmd                            0x08001e98   Section        0  hal_i2c.o(i.I2C_ReadCmd)
    i.I2C_ReceiveData                        0x08001ea0   Section        0  hal_i2c.o(i.I2C_ReceiveData)
    i.I2C_Send7bitAddress                    0x08001eb4   Section        0  hal_i2c.o(i.I2C_Send7bitAddress)
    i.I2C_SendData                           0x08001eba   Section        0  hal_i2c.o(i.I2C_SendData)
    i.ID_Flash_Init                          0x08001ec0   Section        0  app.o(i.ID_Flash_Init)
    i.IIC_Init                               0x08001ee8   Section        0  as5600.o(i.IIC_Init)
    i.IIC_interrupt_Init                     0x08001f30   Section        0  as5600.o(i.IIC_interrupt_Init)
    i.KEY_Init                               0x08001f46   Section        0  basic.o(i.KEY_Init)
    i.LED_Init                               0x08001f6c   Section        0  basic.o(i.LED_Init)
    i.Motor_Increment_Position_Ctrl          0x08001f9c   Section        0  ctrl.o(i.Motor_Increment_Position_Ctrl)
    i.Motor_Speed_Ctrl                       0x08001fe0   Section        0  ctrl.o(i.Motor_Speed_Ctrl)
    i.NVIC_Init                              0x080020c4   Section        0  hal_misc.o(i.NVIC_Init)
    i.NVIC_SetPriority                       0x08002134   Section        0  basic.o(i.NVIC_SetPriority)
    NVIC_SetPriority                         0x08002135   Thumb Code   110  basic.o(i.NVIC_SetPriority)
    i.PID_Position                           0x080021ac   Section        0  ctrl.o(i.PID_Position)
    i.PID_Speed                              0x08002232   Section        0  ctrl.o(i.PID_Speed)
    i.Parameter_Init                         0x08002314   Section        0  as5600.o(i.Parameter_Init)
    i.RCC_AHBPeriphClockCmd                  0x08002360   Section        0  hal_rcc.o(i.RCC_AHBPeriphClockCmd)
    i.RCC_APB1PeriphClockCmd                 0x08002380   Section        0  hal_rcc.o(i.RCC_APB1PeriphClockCmd)
    i.RCC_APB2PeriphClockCmd                 0x080023a0   Section        0  hal_rcc.o(i.RCC_APB2PeriphClockCmd)
    i.RCC_GetClocksFreq                      0x080023c0   Section        0  hal_rcc.o(i.RCC_GetClocksFreq)
    i.Read_AS5600_Start                      0x0800245c   Section        0  as5600.o(i.Read_AS5600_Start)
    i.Read_IDs_From_Flash                    0x08002474   Section        0  app.o(i.Read_IDs_From_Flash)
    i.SCIO_ConfigInit                        0x080024a0   Section        0  scio.o(i.SCIO_ConfigInit)
    i.SCIO_Data_Analysis                     0x08002528   Section        0  app.o(i.SCIO_Data_Analysis)
    i.SCIO_Init                              0x0800274c   Section        0  scio.o(i.SCIO_Init)
    i.SCIO_Process                           0x0800277c   Section        0  app.o(i.SCIO_Process)
    i.SVPWM                                  0x080027b0   Section        0  svpwm.o(i.SVPWM)
    i.SVPWM_Init                             0x080028cc   Section        0  svpwm.o(i.SVPWM_Init)
    i.SVPWM_config                           0x080028f0   Section        0  svpwm.o(i.SVPWM_config)
    i.Serial_Bps_Setting                     0x08002918   Section        0  scio.o(i.Serial_Bps_Setting)
    i.SetSysClock                            0x08002940   Section        0  system_mm32f003_q.o(i.SetSysClock)
    SetSysClock                              0x08002941   Thumb Code     8  system_mm32f003_q.o(i.SetSysClock)
    i.SetSysClockTo48_HSI                    0x08002948   Section        0  system_mm32f003_q.o(i.SetSysClockTo48_HSI)
    SetSysClockTo48_HSI                      0x08002949   Thumb Code   124  system_mm32f003_q.o(i.SetSysClockTo48_HSI)
    i.Set_Ctrl_Parma                         0x080029cc   Section        0  ctrl.o(i.Set_Ctrl_Parma)
    i.SysTick_Handler                        0x08002a70   Section        0  basic.o(i.SysTick_Handler)
    i.SystemInit                             0x08002a88   Section        0  system_mm32f003_q.o(i.SystemInit)
    i.TIM2_IRQHandler                        0x08002ad4   Section        0  app.o(i.TIM2_IRQHandler)
    i.TIM3_IRQHandler                        0x08002ae0   Section        0  app.o(i.TIM3_IRQHandler)
    i.TIM_ARRPreloadConfig                   0x08002afc   Section        0  hal_tim.o(i.TIM_ARRPreloadConfig)
    i.TIM_BDTRConfig                         0x08002b18   Section        0  hal_tim.o(i.TIM_BDTRConfig)
    i.TIM_ClearITPendingBit                  0x08002b36   Section        0  hal_tim.o(i.TIM_ClearITPendingBit)
    i.TIM_Cmd                                0x08002b40   Section        0  hal_tim.o(i.TIM_Cmd)
    i.TIM_CtrlPWMOutputs                     0x08002b5c   Section        0  hal_tim.o(i.TIM_CtrlPWMOutputs)
    i.TIM_ITConfig                           0x08002b76   Section        0  hal_tim.o(i.TIM_ITConfig)
    i.TIM_ITRxExternalClockConfig            0x08002b90   Section        0  hal_tim.o(i.TIM_ITRxExternalClockConfig)
    i.TIM_OC1Init                            0x08002ba8   Section        0  hal_tim.o(i.TIM_OC1Init)
    i.TIM_OC1PreloadConfig                   0x08002c38   Section        0  hal_tim.o(i.TIM_OC1PreloadConfig)
    i.TIM_OC2Init                            0x08002c54   Section        0  hal_tim.o(i.TIM_OC2Init)
    i.TIM_OC2PreloadConfig                   0x08002cfc   Section        0  hal_tim.o(i.TIM_OC2PreloadConfig)
    i.TIM_OC3Init                            0x08002d18   Section        0  hal_tim.o(i.TIM_OC3Init)
    i.TIM_OC3PreloadConfig                   0x08002db8   Section        0  hal_tim.o(i.TIM_OC3PreloadConfig)
    i.TIM_OC4Init                            0x08002dd4   Section        0  hal_tim.o(i.TIM_OC4Init)
    i.TIM_OC4PreloadConfig                   0x08002e4c   Section        0  hal_tim.o(i.TIM_OC4PreloadConfig)
    i.TIM_OC5Init                            0x08002e68   Section        0  hal_tim.o(i.TIM_OC5Init)
    i.TIM_OC5PreloadConfig                   0x08002eb8   Section        0  hal_tim.o(i.TIM_OC5PreloadConfig)
    i.TIM_SelectInputTrigger                 0x08002ed4   Section        0  hal_tim.o(i.TIM_SelectInputTrigger)
    i.TIM_SelectOutputTrigger                0x08002ef0   Section        0  hal_tim.o(i.TIM_SelectOutputTrigger)
    i.TIM_SelectSlaveMode                    0x08002f04   Section        0  hal_tim.o(i.TIM_SelectSlaveMode)
    i.TIM_SetCompare1                        0x08002f18   Section        0  hal_tim.o(i.TIM_SetCompare1)
    i.TIM_SetCompare2                        0x08002f1c   Section        0  hal_tim.o(i.TIM_SetCompare2)
    i.TIM_SetCompare3                        0x08002f20   Section        0  hal_tim.o(i.TIM_SetCompare3)
    i.TIM_TimeBaseInit                       0x08002f24   Section        0  hal_tim.o(i.TIM_TimeBaseInit)
    i.TIM_TimeBaseStructInit                 0x08002f84   Section        0  hal_tim.o(i.TIM_TimeBaseStructInit)
    i.TX_Mode_Setting                        0x08002f98   Section        0  scio.o(i.TX_Mode_Setting)
    i.Timer_NVIC_Init                        0x08002fd0   Section        0  svpwm.o(i.Timer_NVIC_Init)
    i.Timers_Init                            0x08002fe8   Section        0  svpwm.o(i.Timers_Init)
    i.UART2_DMA_RX_Init                      0x08003180   Section        0  scio.o(i.UART2_DMA_RX_Init)
    i.UART2_DMA_Readbuf_Start                0x080031d4   Section        0  scio.o(i.UART2_DMA_Readbuf_Start)
    i.UART2_DMA_TX_Init                      0x080031f4   Section        0  scio.o(i.UART2_DMA_TX_Init)
    i.UART2_IRQHandler                       0x08003244   Section        0  uart.o(i.UART2_IRQHandler)
    i.UART2_updata_DMA_Rbuf                  0x0800330c   Section        0  scio.o(i.UART2_updata_DMA_Rbuf)
    i.UART_ClearITPendingBit                 0x08003338   Section        0  hal_uart.o(i.UART_ClearITPendingBit)
    i.UART_Cmd                               0x0800333c   Section        0  hal_uart.o(i.UART_Cmd)
    i.UART_DMACmd                            0x08003358   Section        0  hal_uart.o(i.UART_DMACmd)
    i.UART_GetFlagStatus                     0x0800336c   Section        0  hal_uart.o(i.UART_GetFlagStatus)
    i.UART_GetITStatus                       0x08003380   Section        0  hal_uart.o(i.UART_GetITStatus)
    i.UART_ITConfig                          0x08003394   Section        0  hal_uart.o(i.UART_ITConfig)
    i.UART_Init                              0x080033a8   Section        0  hal_uart.o(i.UART_Init)
    i.UART_ReceiveData                       0x08003420   Section        0  hal_uart.o(i.UART_ReceiveData)
    i.UART_SendData                          0x08003428   Section        0  hal_uart.o(i.UART_SendData)
    i.UartSendByte                           0x08003430   Section        0  uart.o(i.UartSendByte)
    i.UartSendGroup                          0x08003450   Section        0  uart.o(i.UartSendGroup)
    i.Write_IDs_To_Flash                     0x0800346c   Section        0  app.o(i.Write_IDs_To_Flash)
    i.__ARM_common_switch8                   0x080034c4   Section        0  ctrl.o(i.__ARM_common_switch8)
    i.delay                                  0x080034e0   Section        0  hal_flash.o(i.delay)
    delay                                    0x080034e1   Thumb Code    26  hal_flash.o(i.delay)
    i.delay_init                             0x080034fc   Section        0  basic.o(i.delay_init)
    i.delay_ms                               0x08003550   Section        0  basic.o(i.delay_ms)
    i.initGPIO_Timer1                        0x08003568   Section        0  svpwm.o(i.initGPIO_Timer1)
    i.main                                   0x080035e8   Section        0  main.o(i.main)
    x$fpl$dleqf                              0x08003638   Section      100  dlef.o(x$fpl$dleqf)
    x$fpl$drleqf                             0x0800369c   Section      104  drlef.o(x$fpl$drleqf)
    x$fpl$fadd                               0x08003704   Section      140  faddsub.o(x$fpl$fadd)
    _fadd1                                   0x08003711   Thumb Code     0  faddsub.o(x$fpl$fadd)
    x$fpl$fleqf                              0x08003790   Section       84  flef.o(x$fpl$fleqf)
    x$fpl$fmul                               0x080037e4   Section      176  fmul.o(x$fpl$fmul)
    x$fpl$frleqf                             0x08003894   Section       88  frlef.o(x$fpl$frleqf)
    x$fpl$fsub                               0x080038ec   Section      208  faddsub.o(x$fpl$fsub)
    _fsub1                                   0x080038f9   Thumb Code     0  faddsub.o(x$fpl$fsub)
    .constdata                               0x080039bc   Section      196  svpwm.o(.constdata)
    x$fpl$usenofp                            0x080039bc   Section        0  usenofp.o(x$fpl$usenofp)
    .constdata                               0x08003a80   Section       64  fdiv.o(.constdata)
    fdiv_tab                                 0x08003a80   Data          64  fdiv.o(.constdata)
    .data                                    0x20000000   Section        4  system_mm32f003_q.o(.data)
    .data                                    0x20000004   Section       34  as5600.o(.data)
    .data                                    0x20000028   Section        4  basic.o(.data)
    TimingDelay                              0x20000028   Data           4  basic.o(.data)
    .data                                    0x2000002c   Section       74  ctrl.o(.data)
    ALL_Error                                0x20000074   Data           2  ctrl.o(.data)
    .data                                    0x20000076   Section        9  scio.o(.data)
    .data                                    0x20000080   Section        6  uart.o(.data)
    .data                                    0x20000086   Section        4  hal_i2c.o(.data)
    I2C_CMD_DIR                              0x20000086   Data           1  hal_i2c.o(.data)
    .data                                    0x2000008a   Section       16  hal_rcc.o(.data)
    APBAHBPrescTable                         0x2000008a   Data          16  hal_rcc.o(.data)
    .data                                    0x2000009c   Section       26  app.o(.data)
    .bss                                     0x200000b8   Section       66  as5600.o(.bss)
    .bss                                     0x200000fa   Section       30  uart.o(.bss)
    .bss                                     0x20000118   Section       96  libspace.o(.bss)
    HEAP                                     0x20000178   Section        0  startup_mm32f003_q.o(HEAP)
    STACK                                    0x20000178   Section      512  startup_mm32f003_q.o(STACK)
    Heap_Mem                                 0x20000178   Data           0  startup_mm32f003_q.o(HEAP)
    Stack_Mem                                0x20000178   Data         512  startup_mm32f003_q.o(STACK)
    __initial_sp                             0x20000378   Data           0  startup_mm32f003_q.o(STACK)

    Global Symbols

    Symbol Name                              Value     Ov Type        Size  Object(Section)

    BuildAttributes$$THM_ISAv3M$S$PE$A:L22$X:L11$S22$IEEE1$IW$USESV6$~STKCKD$USESV7$~SHL$OSPACE$ROPI$EBA8$UX$STANDARDLIB$REQ8$PRES8$EABIv2 0x00000000   Number         0  anon$$obj.o ABSOLUTE
    __ARM_use_no_argv                        0x00000000   Number         0  main.o ABSOLUTE
    _printf_flags                            0x00000000   Number         0  printf_stubs.o ABSOLUTE
    _printf_return_value                     0x00000000   Number         0  printf_stubs.o ABSOLUTE
    _printf_sizespec                         0x00000000   Number         0  printf_stubs.o ABSOLUTE
    _printf_widthprec                        0x00000000   Number         0  printf_stubs.o ABSOLUTE
    __ARM_exceptions_init                     - Undefined Weak Reference
    __alloca_initialize                       - Undefined Weak Reference
    __arm_preinit_                            - Undefined Weak Reference
    __cpp_initialize__aeabi_                  - Undefined Weak Reference
    __cxa_finalize                            - Undefined Weak Reference
    __rt_locale                               - Undefined Weak Reference
    __sigvec_lookup                           - Undefined Weak Reference
    _atexit_init                              - Undefined Weak Reference
    _call_atexit_fns                          - Undefined Weak Reference
    _clock_init                               - Undefined Weak Reference
    _fp_trap_init                             - Undefined Weak Reference
    _fp_trap_shutdown                         - Undefined Weak Reference
    _get_lc_collate                           - Undefined Weak Reference
    _get_lc_ctype                             - Undefined Weak Reference
    _get_lc_monetary                          - Undefined Weak Reference
    _get_lc_numeric                           - Undefined Weak Reference
    _get_lc_time                              - Undefined Weak Reference
    _getenv_init                              - Undefined Weak Reference
    _handle_redirection                       - Undefined Weak Reference
    _init_alloc                               - Undefined Weak Reference
    _init_user_alloc                          - Undefined Weak Reference
    _initio                                   - Undefined Weak Reference
    _printf_post_padding                      - Undefined Weak Reference
    _printf_pre_padding                       - Undefined Weak Reference
    _printf_truncate_signed                   - Undefined Weak Reference
    _printf_truncate_unsigned                 - Undefined Weak Reference
    _rand_init                                - Undefined Weak Reference
    _signal_finish                            - Undefined Weak Reference
    _signal_init                              - Undefined Weak Reference
    _terminate_alloc                          - Undefined Weak Reference
    _terminate_user_alloc                     - Undefined Weak Reference
    _terminateio                              - Undefined Weak Reference
    __Vectors_Size                           0x000000b4   Number         0  startup_mm32f003_q.o ABSOLUTE
    __Vectors                                0x08000000   Data           4  startup_mm32f003_q.o(RESET)
    __Vectors_End                            0x080000b4   Data           0  startup_mm32f003_q.o(RESET)
    __main                                   0x080000b5   Thumb Code     8  __main.o(!!!main)
    __scatterload                            0x080000bd   Thumb Code     0  __scatter.o(!!!scatter)
    __scatterload_rt2                        0x080000bd   Thumb Code    52  __scatter.o(!!!scatter)
    __scatterload_rt2_thumb_only             0x080000bd   Thumb Code     0  __scatter.o(!!!scatter)
    __scatterload_null                       0x080000cd   Thumb Code     0  __scatter.o(!!!scatter)
    __scatterload_copy                       0x080000f9   Thumb Code    26  __scatter_copy.o(!!handler_copy)
    __scatterload_zeroinit                   0x08000115   Thumb Code    28  __scatter_zi.o(!!handler_zi)
    _printf_percent                          0x08000131   Thumb Code     0  _printf_percent.o(.ARM.Collect$$_printf_percent$$00000000)
    _printf_d                                0x08000133   Thumb Code     0  _printf_d.o(.ARM.Collect$$_printf_percent$$00000009)
    _printf_percent_end                      0x0800013d   Thumb Code     0  _printf_percent_end.o(.ARM.Collect$$_printf_percent$$00000017)
    __rt_lib_init                            0x08000141   Thumb Code     0  libinit.o(.ARM.Collect$$libinit$$00000000)
    __rt_lib_init_alloca_1                   0x08000143   Thumb Code     0  libinit2.o(.ARM.Collect$$libinit$$0000002E)
    __rt_lib_init_argv_1                     0x08000143   Thumb Code     0  libinit2.o(.ARM.Collect$$libinit$$0000002C)
    __rt_lib_init_atexit_1                   0x08000143   Thumb Code     0  libinit2.o(.ARM.Collect$$libinit$$0000001B)
    __rt_lib_init_clock_1                    0x08000143   Thumb Code     0  libinit2.o(.ARM.Collect$$libinit$$00000021)
    __rt_lib_init_cpp_1                      0x08000143   Thumb Code     0  libinit2.o(.ARM.Collect$$libinit$$00000032)
    __rt_lib_init_exceptions_1               0x08000143   Thumb Code     0  libinit2.o(.ARM.Collect$$libinit$$00000030)
    __rt_lib_init_fp_1                       0x08000143   Thumb Code     0  libinit2.o(.ARM.Collect$$libinit$$00000002)
    __rt_lib_init_fp_trap_1                  0x08000143   Thumb Code     0  libinit2.o(.ARM.Collect$$libinit$$0000001F)
    __rt_lib_init_getenv_1                   0x08000143   Thumb Code     0  libinit2.o(.ARM.Collect$$libinit$$00000023)
    __rt_lib_init_heap_1                     0x08000143   Thumb Code     0  libinit2.o(.ARM.Collect$$libinit$$0000000A)
    __rt_lib_init_lc_collate_1               0x08000143   Thumb Code     0  libinit2.o(.ARM.Collect$$libinit$$00000011)
    __rt_lib_init_lc_ctype_1                 0x08000143   Thumb Code     0  libinit2.o(.ARM.Collect$$libinit$$00000013)
    __rt_lib_init_lc_monetary_1              0x08000143   Thumb Code     0  libinit2.o(.ARM.Collect$$libinit$$00000015)
    __rt_lib_init_lc_numeric_1               0x08000143   Thumb Code     0  libinit2.o(.ARM.Collect$$libinit$$00000017)
    __rt_lib_init_lc_time_1                  0x08000143   Thumb Code     0  libinit2.o(.ARM.Collect$$libinit$$00000019)
    __rt_lib_init_preinit_1                  0x08000143   Thumb Code     0  libinit2.o(.ARM.Collect$$libinit$$00000004)
    __rt_lib_init_rand_1                     0x08000143   Thumb Code     0  libinit2.o(.ARM.Collect$$libinit$$0000000E)
    __rt_lib_init_return                     0x08000143   Thumb Code     0  libinit2.o(.ARM.Collect$$libinit$$00000033)
    __rt_lib_init_signal_1                   0x08000143   Thumb Code     0  libinit2.o(.ARM.Collect$$libinit$$0000001D)
    __rt_lib_init_stdio_1                    0x08000143   Thumb Code     0  libinit2.o(.ARM.Collect$$libinit$$00000025)
    __rt_lib_init_user_alloc_1               0x08000143   Thumb Code     0  libinit2.o(.ARM.Collect$$libinit$$0000000C)
    __rt_lib_shutdown                        0x08000145   Thumb Code     0  libshutdown.o(.ARM.Collect$$libshutdown$$00000000)
    __rt_lib_shutdown_cpp_1                  0x08000147   Thumb Code     0  libshutdown2.o(.ARM.Collect$$libshutdown$$00000002)
    __rt_lib_shutdown_fp_trap_1              0x08000147   Thumb Code     0  libshutdown2.o(.ARM.Collect$$libshutdown$$00000007)
    __rt_lib_shutdown_heap_1                 0x08000147   Thumb Code     0  libshutdown2.o(.ARM.Collect$$libshutdown$$0000000F)
    __rt_lib_shutdown_return                 0x08000147   Thumb Code     0  libshutdown2.o(.ARM.Collect$$libshutdown$$00000010)
    __rt_lib_shutdown_signal_1               0x08000147   Thumb Code     0  libshutdown2.o(.ARM.Collect$$libshutdown$$0000000A)
    __rt_lib_shutdown_stdio_1                0x08000147   Thumb Code     0  libshutdown2.o(.ARM.Collect$$libshutdown$$00000004)
    __rt_lib_shutdown_user_alloc_1           0x08000147   Thumb Code     0  libshutdown2.o(.ARM.Collect$$libshutdown$$0000000C)
    __rt_entry                               0x08000149   Thumb Code     0  __rtentry.o(.ARM.Collect$$rtentry$$00000000)
    __rt_entry_presh_1                       0x08000149   Thumb Code     0  __rtentry2.o(.ARM.Collect$$rtentry$$00000002)
    __rt_entry_sh                            0x08000149   Thumb Code     0  __rtentry4.o(.ARM.Collect$$rtentry$$00000004)
    __rt_entry_li                            0x0800014f   Thumb Code     0  __rtentry2.o(.ARM.Collect$$rtentry$$0000000A)
    __rt_entry_postsh_1                      0x0800014f   Thumb Code     0  __rtentry2.o(.ARM.Collect$$rtentry$$00000009)
    __rt_entry_main                          0x08000153   Thumb Code     0  __rtentry2.o(.ARM.Collect$$rtentry$$0000000D)
    __rt_entry_postli_1                      0x08000153   Thumb Code     0  __rtentry2.o(.ARM.Collect$$rtentry$$0000000C)
    __rt_exit                                0x0800015b   Thumb Code     0  rtexit.o(.ARM.Collect$$rtexit$$00000000)
    __rt_exit_ls                             0x0800015d   Thumb Code     0  rtexit2.o(.ARM.Collect$$rtexit$$00000003)
    __rt_exit_prels_1                        0x0800015d   Thumb Code     0  rtexit2.o(.ARM.Collect$$rtexit$$00000002)
    __rt_exit_exit                           0x08000161   Thumb Code     0  rtexit2.o(.ARM.Collect$$rtexit$$00000004)
    Reset_Handler                            0x08000169   Thumb Code    38  startup_mm32f003_q.o(.text)
    NMI_Handler                              0x0800018f   Thumb Code     2  startup_mm32f003_q.o(.text)
    HardFault_Handler                        0x08000191   Thumb Code     2  startup_mm32f003_q.o(.text)
    MemManage_Handler                        0x08000193   Thumb Code     2  startup_mm32f003_q.o(.text)
    BusFault_Handler                         0x08000195   Thumb Code     2  startup_mm32f003_q.o(.text)
    UsageFault_Handler                       0x08000197   Thumb Code     2  startup_mm32f003_q.o(.text)
    SVC_Handler                              0x08000199   Thumb Code     2  startup_mm32f003_q.o(.text)
    DebugMon_Handler                         0x0800019b   Thumb Code     2  startup_mm32f003_q.o(.text)
    PendSV_Handler                           0x0800019d   Thumb Code     2  startup_mm32f003_q.o(.text)
    ADC1_IRQHandler                          0x080001a1   Thumb Code     0  startup_mm32f003_q.o(.text)
    DMA1_Channel1_IRQHandler                 0x080001a1   Thumb Code     0  startup_mm32f003_q.o(.text)
    DMA1_Channel2_3_IRQHandler               0x080001a1   Thumb Code     0  startup_mm32f003_q.o(.text)
    DMA1_Channel4_5_IRQHandler               0x080001a1   Thumb Code     0  startup_mm32f003_q.o(.text)
    EXTI0_1_IRQHandler                       0x080001a1   Thumb Code     0  startup_mm32f003_q.o(.text)
    EXTI2_3_IRQHandler                       0x080001a1   Thumb Code     0  startup_mm32f003_q.o(.text)
    EXTI4_15_IRQHandler                      0x080001a1   Thumb Code     0  startup_mm32f003_q.o(.text)
    FLASH_IRQHandler                         0x080001a1   Thumb Code     0  startup_mm32f003_q.o(.text)
    PVD_IRQHandler                           0x080001a1   Thumb Code     0  startup_mm32f003_q.o(.text)
    RCC_IRQHandler                           0x080001a1   Thumb Code     0  startup_mm32f003_q.o(.text)
    SPI2_IRQHandler                          0x080001a1   Thumb Code     0  startup_mm32f003_q.o(.text)
    TIM14_IRQHandler                         0x080001a1   Thumb Code     0  startup_mm32f003_q.o(.text)
    TIM16_IRQHandler                         0x080001a1   Thumb Code     0  startup_mm32f003_q.o(.text)
    TIM17_IRQHandler                         0x080001a1   Thumb Code     0  startup_mm32f003_q.o(.text)
    TIM1_BRK_UP_TRG_COM_IRQHandler           0x080001a1   Thumb Code     0  startup_mm32f003_q.o(.text)
    TIM1_CC_IRQHandler                       0x080001a1   Thumb Code     0  startup_mm32f003_q.o(.text)
    WWDG_IRQHandler                          0x080001a1   Thumb Code     0  startup_mm32f003_q.o(.text)
    __user_initial_stackheap                 0x080001a5   Thumb Code     0  startup_mm32f003_q.o(.text)
    __2sprintf                               0x080001e1   Thumb Code    40  __2sprintf.o(.text)
    __printf                                 0x0800020d   Thumb Code   108  __printf.o(.text)
    _printf_int_dec                          0x08000279   Thumb Code    90  _printf_dec.o(.text)
    __aeabi_uidiv                            0x080002e5   Thumb Code     0  aeabi_sdiv.o(.text)
    __aeabi_uidivmod                         0x080002e5   Thumb Code    20  aeabi_sdiv.o(.text)
    __aeabi_idiv                             0x080002f9   Thumb Code     0  aeabi_sdiv.o(.text)
    __aeabi_idivmod                          0x080002f9   Thumb Code   326  aeabi_sdiv.o(.text)
    __use_two_region_memory                  0x0800043f   Thumb Code     2  heapauxi.o(.text)
    __rt_heap_escrow$2region                 0x08000441   Thumb Code     2  heapauxi.o(.text)
    __rt_heap_expand$2region                 0x08000443   Thumb Code     2  heapauxi.o(.text)
    __aeabi_dadd                             0x0800073d   Thumb Code     0  daddsub.o(.text)
    _dadd                                    0x0800073d   Thumb Code    26  daddsub.o(.text)
    __aeabi_dsub                             0x08000757   Thumb Code     0  daddsub.o(.text)
    _dsub                                    0x08000757   Thumb Code    22  daddsub.o(.text)
    __aeabi_drsub                            0x0800076d   Thumb Code     0  daddsub.o(.text)
    _drsb                                    0x0800076d   Thumb Code    28  daddsub.o(.text)
    __aeabi_d2uiz                            0x0800079d   Thumb Code     0  dfixui.o(.text)
    _dfixu                                   0x0800079d   Thumb Code    68  dfixui.o(.text)
    __aeabi_i2d_normalise                    0x080007e5   Thumb Code    66  dflti.o(.text)
    __aeabi_i2d                              0x08000827   Thumb Code    16  dflti.o(.text)
    _dflt                                    0x08000827   Thumb Code     0  dflti.o(.text)
    __aeabi_ui2d                             0x08000837   Thumb Code     6  dflti.o(.text)
    _dfltu                                   0x08000837   Thumb Code     0  dflti.o(.text)
    __aeabi_dmul                             0x0800083d   Thumb Code     0  dmul.o(.text)
    _dmul                                    0x0800083d   Thumb Code   558  dmul.o(.text)
    __aeabi_f2d                              0x08000a85   Thumb Code     0  f2d.o(.text)
    _f2d                                     0x08000a85   Thumb Code    80  f2d.o(.text)
    __aeabi_fdiv                             0x08000ad9   Thumb Code     0  fdiv.o(.text)
    _fdiv                                    0x08000ad9   Thumb Code   334  fdiv.o(.text)
    _frdiv                                   0x08000c27   Thumb Code     8  fdiv.o(.text)
    __aeabi_f2iz                             0x08000c39   Thumb Code     0  ffixi.o(.text)
    _ffix                                    0x08000c39   Thumb Code    76  ffixi.o(.text)
    __aeabi_f2uiz                            0x08000c85   Thumb Code     0  ffixui.o(.text)
    _ffixu                                   0x08000c85   Thumb Code    48  ffixui.o(.text)
    __aeabi_i2f_normalise                    0x08000cb5   Thumb Code    72  fflti.o(.text)
    __aeabi_i2f                              0x08000cfd   Thumb Code    16  fflti.o(.text)
    _fflt                                    0x08000cfd   Thumb Code     0  fflti.o(.text)
    __aeabi_ui2f                             0x08000d0d   Thumb Code     6  fflti.o(.text)
    _ffltu                                   0x08000d0d   Thumb Code     0  fflti.o(.text)
    _printf_int_common                       0x08000d13   Thumb Code   176  _printf_intcommon.o(.text)
    _printf_char_common                      0x08000dcf   Thumb Code    32  _printf_char_common.o(.text)
    _sputc                                   0x08000df5   Thumb Code    10  _sputc.o(.text)
    __rt_udiv10                              0x08000dff   Thumb Code    40  rtudiv10.o(.text)
    __fpl_dcmp_InfNaN                        0x08000e29   Thumb Code   140  dcmpin.o(.text)
    __fpl_fcmp_InfNaN                        0x08000eb9   Thumb Code    96  fcmpin.o(.text)
    __fpl_cmpreturn                          0x08000f1d   Thumb Code    46  cmpret.o(.text)
    __fpl_dcheck_NaN2                        0x08000f4d   Thumb Code    14  dnan2.o(.text)
    __fpl_fcheck_NaN2                        0x08000f61   Thumb Code    10  fnan2.o(.text)
    __user_setup_stackheap                   0x08000f71   Thumb Code    62  sys_stackheap_outer.o(.text)
    exit                                     0x08000faf   Thumb Code    16  exit.o(.text)
    __fpl_return_NaN                         0x08000fbf   Thumb Code    94  retnan.o(.text)
    __user_libspace                          0x0800101d   Thumb Code     8  libspace.o(.text)
    __user_perproc_libspace                  0x0800101d   Thumb Code     0  libspace.o(.text)
    __user_perthread_libspace                0x0800101d   Thumb Code     0  libspace.o(.text)
    _sys_exit                                0x08001025   Thumb Code     8  sys_exit.o(.text)
    __I$use$semihosting                      0x08001031   Thumb Code     0  use_no_semi.o(.text)
    __use_no_semihosting_swi                 0x08001031   Thumb Code     2  use_no_semi.o(.text)
    __semihosting_library_function           0x08001033   Thumb Code     0  indicate_semi.o(.text)
    AS5600_Init                              0x08001035   Thumb Code   200  as5600.o(i.AS5600_Init)
    AS5600_Process                           0x08001105   Thumb Code   258  app.o(i.AS5600_Process)
    Ctrl_Parameter_Init                      0x0800123d   Thumb Code     2  ctrl.o(i.Ctrl_Parameter_Init)
    Ctrl_Process                             0x08001241   Thumb Code   140  app.o(i.Ctrl_Process)
    DMA_ClearFlag                            0x080012e1   Thumb Code     6  hal_dma.o(i.DMA_ClearFlag)
    DMA_Cmd                                  0x080012ed   Thumb Code    24  hal_dma.o(i.DMA_Cmd)
    DMA_DeInit                               0x08001305   Thumb Code   154  hal_dma.o(i.DMA_DeInit)
    DMA_GetFlagStatus                        0x080013a9   Thumb Code    26  hal_dma.o(i.DMA_GetFlagStatus)
    DMA_ITConfig                             0x080013c9   Thumb Code    20  hal_dma.o(i.DMA_ITConfig)
    DMA_Init                                 0x080013dd   Thumb Code    58  hal_dma.o(i.DMA_Init)
    DMA_Set_MemoryAddress                    0x0800141d   Thumb Code     4  scio.o(i.DMA_Set_MemoryAddress)
    DMA_Set_MemoryInc_Enable                 0x08001421   Thumb Code    24  scio.o(i.DMA_Set_MemoryInc_Enable)
    DMA_Set_TransmitLen                      0x08001439   Thumb Code     4  scio.o(i.DMA_Set_TransmitLen)
    DRV_DMA_TransmitPacket                   0x0800143d   Thumb Code    52  scio.o(i.DRV_DMA_TransmitPacket)
    FLASH_ClearFlag                          0x08001471   Thumb Code     6  hal_flash.o(i.FLASH_ClearFlag)
    FLASH_ErasePage                          0x0800147d   Thumb Code    72  hal_flash.o(i.FLASH_ErasePage)
    FLASH_GetStatus                          0x080014d1   Thumb Code    54  hal_flash.o(i.FLASH_GetStatus)
    FLASH_Lock                               0x0800150d   Thumb Code    14  hal_flash.o(i.FLASH_Lock)
    FLASH_ProgramWord                        0x08001521   Thumb Code    96  hal_flash.o(i.FLASH_ProgramWord)
    FLASH_Unlock                             0x08001589   Thumb Code    12  hal_flash.o(i.FLASH_Unlock)
    FLASH_WaitForLastOperation               0x080015a1   Thumb Code    44  hal_flash.o(i.FLASH_WaitForLastOperation)
    FOAC                                     0x080015cd   Thumb Code    84  svpwm.o(i.FOAC)
    FeedBack_Process                         0x08001629   Thumb Code   226  app.o(i.FeedBack_Process)
    Flash_Process                            0x08001771   Thumb Code    22  app.o(i.Flash_Process)
    GPIO_Clock_Set                           0x0800178d   Thumb Code    70  basic.o(i.GPIO_Clock_Set)
    GPIO_Init                                0x080017e1   Thumb Code   222  hal_gpio.o(i.GPIO_Init)
    GPIO_PinAFConfig                         0x080018bf   Thumb Code    70  hal_gpio.o(i.GPIO_PinAFConfig)
    GPIO_ResetBits                           0x08001905   Thumb Code     4  hal_gpio.o(i.GPIO_ResetBits)
    Get_new_Data                             0x08001909   Thumb Code     8  app.o(i.Get_new_Data)
    I2C1BusFreeGPIOMode                      0x08001915   Thumb Code    62  as5600.o(i.I2C1BusFreeGPIOMode)
    I2C1ConfigGPIOMode                       0x08001959   Thumb Code    82  as5600.o(i.I2C1ConfigGPIOMode)
    I2C1_IRQHandler                          0x080019b1   Thumb Code   602  as5600.o(i.I2C1_IRQHandler)
    I2C_ClearITPendingBit                    0x08001c69   Thumb Code   146  hal_i2c.o(i.I2C_ClearITPendingBit)
    I2C_Cmd                                  0x08001cfd   Thumb Code    32  hal_i2c.o(i.I2C_Cmd)
    I2C_GenerateSTOP                         0x08001d21   Thumb Code    42  hal_i2c.o(i.I2C_GenerateSTOP)
    I2C_GetFlagStatus                        0x08001d4d   Thumb Code    76  hal_i2c.o(i.I2C_GetFlagStatus)
    I2C_GetITStatus                          0x08001d9d   Thumb Code    20  hal_i2c.o(i.I2C_GetITStatus)
    I2C_ITConfig                             0x08001db1   Thumb Code    28  hal_i2c.o(i.I2C_ITConfig)
    I2C_Init                                 0x08001dcd   Thumb Code   182  hal_i2c.o(i.I2C_Init)
    I2C_ReadCmd                              0x08001e99   Thumb Code     8  hal_i2c.o(i.I2C_ReadCmd)
    I2C_ReceiveData                          0x08001ea1   Thumb Code    14  hal_i2c.o(i.I2C_ReceiveData)
    I2C_Send7bitAddress                      0x08001eb5   Thumb Code     6  hal_i2c.o(i.I2C_Send7bitAddress)
    I2C_SendData                             0x08001ebb   Thumb Code     4  hal_i2c.o(i.I2C_SendData)
    ID_Flash_Init                            0x08001ec1   Thumb Code    26  app.o(i.ID_Flash_Init)
    IIC_Init                                 0x08001ee9   Thumb Code    64  as5600.o(i.IIC_Init)
    IIC_interrupt_Init                       0x08001f31   Thumb Code    22  as5600.o(i.IIC_interrupt_Init)
    KEY_Init                                 0x08001f47   Thumb Code    38  basic.o(i.KEY_Init)
    LED_Init                                 0x08001f6d   Thumb Code    42  basic.o(i.LED_Init)
    Motor_Increment_Position_Ctrl            0x08001f9d   Thumb Code    56  ctrl.o(i.Motor_Increment_Position_Ctrl)
    Motor_Speed_Ctrl                         0x08001fe1   Thumb Code   192  ctrl.o(i.Motor_Speed_Ctrl)
    NVIC_Init                                0x080020c5   Thumb Code   106  hal_misc.o(i.NVIC_Init)
    PID_Position                             0x080021ad   Thumb Code   134  ctrl.o(i.PID_Position)
    PID_Speed                                0x08002233   Thumb Code   224  ctrl.o(i.PID_Speed)
    Parameter_Init                           0x08002315   Thumb Code    56  as5600.o(i.Parameter_Init)
    RCC_AHBPeriphClockCmd                    0x08002361   Thumb Code    28  hal_rcc.o(i.RCC_AHBPeriphClockCmd)
    RCC_APB1PeriphClockCmd                   0x08002381   Thumb Code    28  hal_rcc.o(i.RCC_APB1PeriphClockCmd)
    RCC_APB2PeriphClockCmd                   0x080023a1   Thumb Code    28  hal_rcc.o(i.RCC_APB2PeriphClockCmd)
    RCC_GetClocksFreq                        0x080023c1   Thumb Code   136  hal_rcc.o(i.RCC_GetClocksFreq)
    Read_AS5600_Start                        0x0800245d   Thumb Code    20  as5600.o(i.Read_AS5600_Start)
    Read_IDs_From_Flash                      0x08002475   Thumb Code    26  app.o(i.Read_IDs_From_Flash)
    SCIO_ConfigInit                          0x080024a1   Thumb Code   128  scio.o(i.SCIO_ConfigInit)
    SCIO_Data_Analysis                       0x08002529   Thumb Code   496  app.o(i.SCIO_Data_Analysis)
    SCIO_Init                                0x0800274d   Thumb Code    38  scio.o(i.SCIO_Init)
    SCIO_Process                             0x0800277d   Thumb Code    40  app.o(i.SCIO_Process)
    SVPWM                                    0x080027b1   Thumb Code   266  svpwm.o(i.SVPWM)
    SVPWM_Init                               0x080028cd   Thumb Code    34  svpwm.o(i.SVPWM_Init)
    SVPWM_config                             0x080028f1   Thumb Code    34  svpwm.o(i.SVPWM_config)
    Serial_Bps_Setting                       0x08002919   Thumb Code    34  scio.o(i.Serial_Bps_Setting)
    Set_Ctrl_Parma                           0x080029cd   Thumb Code   148  ctrl.o(i.Set_Ctrl_Parma)
    SysTick_Handler                          0x08002a71   Thumb Code    20  basic.o(i.SysTick_Handler)
    SystemInit                               0x08002a89   Thumb Code    66  system_mm32f003_q.o(i.SystemInit)
    TIM2_IRQHandler                          0x08002ad5   Thumb Code    12  app.o(i.TIM2_IRQHandler)
    TIM3_IRQHandler                          0x08002ae1   Thumb Code    24  app.o(i.TIM3_IRQHandler)
    TIM_ARRPreloadConfig                     0x08002afd   Thumb Code    24  hal_tim.o(i.TIM_ARRPreloadConfig)
    TIM_BDTRConfig                           0x08002b19   Thumb Code    30  hal_tim.o(i.TIM_BDTRConfig)
    TIM_ClearITPendingBit                    0x08002b37   Thumb Code     8  hal_tim.o(i.TIM_ClearITPendingBit)
    TIM_Cmd                                  0x08002b41   Thumb Code    24  hal_tim.o(i.TIM_Cmd)
    TIM_CtrlPWMOutputs                       0x08002b5d   Thumb Code    26  hal_tim.o(i.TIM_CtrlPWMOutputs)
    TIM_ITConfig                             0x08002b77   Thumb Code    26  hal_tim.o(i.TIM_ITConfig)
    TIM_ITRxExternalClockConfig              0x08002b91   Thumb Code    24  hal_tim.o(i.TIM_ITRxExternalClockConfig)
    TIM_OC1Init                              0x08002ba9   Thumb Code   122  hal_tim.o(i.TIM_OC1Init)
    TIM_OC1PreloadConfig                     0x08002c39   Thumb Code    22  hal_tim.o(i.TIM_OC1PreloadConfig)
    TIM_OC2Init                              0x08002c55   Thumb Code   142  hal_tim.o(i.TIM_OC2Init)
    TIM_OC2PreloadConfig                     0x08002cfd   Thumb Code    22  hal_tim.o(i.TIM_OC2PreloadConfig)
    TIM_OC3Init                              0x08002d19   Thumb Code   130  hal_tim.o(i.TIM_OC3Init)
    TIM_OC3PreloadConfig                     0x08002db9   Thumb Code    22  hal_tim.o(i.TIM_OC3PreloadConfig)
    TIM_OC4Init                              0x08002dd5   Thumb Code    94  hal_tim.o(i.TIM_OC4Init)
    TIM_OC4PreloadConfig                     0x08002e4d   Thumb Code    22  hal_tim.o(i.TIM_OC4PreloadConfig)
    TIM_OC5Init                              0x08002e69   Thumb Code    70  hal_tim.o(i.TIM_OC5Init)
    TIM_OC5PreloadConfig                     0x08002eb9   Thumb Code    22  hal_tim.o(i.TIM_OC5PreloadConfig)
    TIM_SelectInputTrigger                   0x08002ed5   Thumb Code    22  hal_tim.o(i.TIM_SelectInputTrigger)
    TIM_SelectOutputTrigger                  0x08002ef1   Thumb Code    16  hal_tim.o(i.TIM_SelectOutputTrigger)
    TIM_SelectSlaveMode                      0x08002f05   Thumb Code    16  hal_tim.o(i.TIM_SelectSlaveMode)
    TIM_SetCompare1                          0x08002f19   Thumb Code     4  hal_tim.o(i.TIM_SetCompare1)
    TIM_SetCompare2                          0x08002f1d   Thumb Code     4  hal_tim.o(i.TIM_SetCompare2)
    TIM_SetCompare3                          0x08002f21   Thumb Code     4  hal_tim.o(i.TIM_SetCompare3)
    TIM_TimeBaseInit                         0x08002f25   Thumb Code    74  hal_tim.o(i.TIM_TimeBaseInit)
    TIM_TimeBaseStructInit                   0x08002f85   Thumb Code    16  hal_tim.o(i.TIM_TimeBaseStructInit)
    TX_Mode_Setting                          0x08002f99   Thumb Code    52  scio.o(i.TX_Mode_Setting)
    Timer_NVIC_Init                          0x08002fd1   Thumb Code    22  svpwm.o(i.Timer_NVIC_Init)
    Timers_Init                              0x08002fe9   Thumb Code   398  svpwm.o(i.Timers_Init)
    UART2_DMA_RX_Init                        0x08003181   Thumb Code    72  scio.o(i.UART2_DMA_RX_Init)
    UART2_DMA_Readbuf_Start                  0x080031d5   Thumb Code    26  scio.o(i.UART2_DMA_Readbuf_Start)
    UART2_DMA_TX_Init                        0x080031f5   Thumb Code    68  scio.o(i.UART2_DMA_TX_Init)
    UART2_IRQHandler                         0x08003245   Thumb Code   178  uart.o(i.UART2_IRQHandler)
    UART2_updata_DMA_Rbuf                    0x0800330d   Thumb Code    38  scio.o(i.UART2_updata_DMA_Rbuf)
    UART_ClearITPendingBit                   0x08003339   Thumb Code     4  hal_uart.o(i.UART_ClearITPendingBit)
    UART_Cmd                                 0x0800333d   Thumb Code    24  hal_uart.o(i.UART_Cmd)
    UART_DMACmd                              0x08003359   Thumb Code    20  hal_uart.o(i.UART_DMACmd)
    UART_GetFlagStatus                       0x0800336d   Thumb Code    20  hal_uart.o(i.UART_GetFlagStatus)
    UART_GetITStatus                         0x08003381   Thumb Code    20  hal_uart.o(i.UART_GetITStatus)
    UART_ITConfig                            0x08003395   Thumb Code    20  hal_uart.o(i.UART_ITConfig)
    UART_Init                                0x080033a9   Thumb Code   116  hal_uart.o(i.UART_Init)
    UART_ReceiveData                         0x08003421   Thumb Code     8  hal_uart.o(i.UART_ReceiveData)
    UART_SendData                            0x08003429   Thumb Code     6  hal_uart.o(i.UART_SendData)
    UartSendByte                             0x08003431   Thumb Code    28  uart.o(i.UartSendByte)
    UartSendGroup                            0x08003451   Thumb Code    28  uart.o(i.UartSendGroup)
    Write_IDs_To_Flash                       0x0800346d   Thumb Code    70  app.o(i.Write_IDs_To_Flash)
    __ARM_common_switch8                     0x080034c5   Thumb Code    28  ctrl.o(i.__ARM_common_switch8)
    delay_init                               0x080034fd   Thumb Code    72  basic.o(i.delay_init)
    delay_ms                                 0x08003551   Thumb Code    20  basic.o(i.delay_ms)
    initGPIO_Timer1                          0x08003569   Thumb Code   120  svpwm.o(i.initGPIO_Timer1)
    main                                     0x080035e9   Thumb Code    74  main.o(i.main)
    __aeabi_cdcmple                          0x08003639   Thumb Code     0  dlef.o(x$fpl$dleqf)
    _dcmple                                  0x08003639   Thumb Code    94  dlef.o(x$fpl$dleqf)
    __aeabi_cdrcmple                         0x0800369d   Thumb Code     0  drlef.o(x$fpl$drleqf)
    _drcmple                                 0x0800369d   Thumb Code   100  drlef.o(x$fpl$drleqf)
    __aeabi_fadd                             0x08003705   Thumb Code     0  faddsub.o(x$fpl$fadd)
    _fadd                                    0x08003705   Thumb Code   134  faddsub.o(x$fpl$fadd)
    __aeabi_cfcmple                          0x08003791   Thumb Code     0  flef.o(x$fpl$fleqf)
    _fcmple                                  0x08003791   Thumb Code    78  flef.o(x$fpl$fleqf)
    __aeabi_fmul                             0x080037e5   Thumb Code     0  fmul.o(x$fpl$fmul)
    _fmul                                    0x080037e5   Thumb Code   172  fmul.o(x$fpl$fmul)
    __aeabi_cfrcmple                         0x08003895   Thumb Code     0  frlef.o(x$fpl$frleqf)
    _frcmple                                 0x08003895   Thumb Code    84  frlef.o(x$fpl$frleqf)
    __aeabi_fsub                             0x080038ed   Thumb Code     0  faddsub.o(x$fpl$fsub)
    _fsub                                    0x080038ed   Thumb Code   204  faddsub.o(x$fpl$fsub)
    __I$use$fp                               0x080039bc   Number         0  usenofp.o(x$fpl$usenofp)
    sinm                                     0x080039bc   Data         196  svpwm.o(.constdata)
    Region$$Table$$Base                      0x08003ac0   Number         0  anon$$obj.o(Region$$Table)
    Region$$Table$$Limit                     0x08003ae0   Number         0  anon$$obj.o(Region$$Table)
    SystemCoreClock                          0x20000000   Data           4  system_mm32f003_q.o(.data)
    AS5600_RAW_H                             0x20000004   Data           1  as5600.o(.data)
    AS5600_RAW_L                             0x20000005   Data           1  as5600.o(.data)
    AS5600_Data_Ready                        0x20000006   Data           1  as5600.o(.data)
    Last_Position                            0x20000008   Data           2  as5600.o(.data)
    D_Last_Position                          0x2000000a   Data           2  as5600.o(.data)
    Correct_Position                         0x2000000c   Data           2  as5600.o(.data)
    Absolute_Position                        0x20000010   Data           4  as5600.o(.data)
    Circle_value                             0x20000014   Data           2  as5600.o(.data)
    D_Last_Increment                         0x20000016   Data           2  as5600.o(.data)
    TEMP_Speed                               0x20000018   Data           2  as5600.o(.data)
    First_read                               0x2000001a   Data           1  as5600.o(.data)
    Position_Inc_Seq_Index                   0x2000001b   Data           1  as5600.o(.data)
    Position_Inc_Seq_Ring_Full               0x2000001c   Data           1  as5600.o(.data)
    M_Last_Speed                             0x2000001e   Data           2  as5600.o(.data)
    Speed_Filter_Index                       0x20000020   Data           1  as5600.o(.data)
    Speed_Filter_Ring_Full                   0x20000021   Data           1  as5600.o(.data)
    Speed_Filter_SUM                         0x20000022   Data           2  as5600.o(.data)
    M_Filter_Speed                           0x20000024   Data           2  as5600.o(.data)
    SPEED_IN_limit                           0x2000002c   Data           2  ctrl.o(.data)
    SPEED_OUT_limit                          0x20000030   Data           4  ctrl.o(.data)
    Speed_PID_Param                          0x20000034   Data          16  ctrl.o(.data)
    Speed_PID_Error                          0x20000044   Data           6  ctrl.o(.data)
    Position_PID_Param                       0x2000004c   Data          16  ctrl.o(.data)
    Position_PID_Error                       0x2000005c   Data           6  ctrl.o(.data)
    C_Vref                                   0x20000064   Data           4  ctrl.o(.data)
    PID_P                                    0x20000068   Data           4  ctrl.o(.data)
    PID_I                                    0x2000006c   Data           4  ctrl.o(.data)
    PID_D                                    0x20000070   Data           4  ctrl.o(.data)
    rxdata                                   0x20000076   Data           8  scio.o(.data)
    txdata                                   0x2000007e   Data           1  scio.o(.data)
    pTx                                      0x20000080   Data           4  uart.o(.data)
    rx_cnt                                   0x20000084   Data           1  uart.o(.data)
    tx_flag                                  0x20000085   Data           1  uart.o(.data)
    I2C_DMA_DIR                              0x20000088   Data           2  hal_i2c.o(.data)
    P_ID                                     0x2000009c   Data           1  app.o(.data)
    G_ID                                     0x2000009d   Data           1  app.o(.data)
    G_Index                                  0x2000009e   Data           1  app.o(.data)
    Update_ID_to_Flash                       0x2000009f   Data           1  app.o(.data)
    Feedback_Mode                            0x200000a0   Data           1  app.o(.data)
    New_Print                                0x200000a1   Data           1  app.o(.data)
    Current_Increment                        0x200000a2   Data           2  app.o(.data)
    Position_Ref                             0x200000a4   Data           4  app.o(.data)
    Knob_Angle                               0x200000a8   Data           2  app.o(.data)
    Point_Speed                              0x200000aa   Data           2  app.o(.data)
    Current_Speed                            0x200000ac   Data           2  app.o(.data)
    Point_Position                           0x200000ae   Data           2  app.o(.data)
    Current_Position                         0x200000b0   Data           4  app.o(.data)
    Ctrl_Mode                                0x200000b4   Data           1  app.o(.data)
    scio_new_data                            0x200000b5   Data           1  app.o(.data)
    Position_Inc_Seq_Ring                    0x200000b8   Data          50  as5600.o(.bss)
    Speed_Filter_Ring                        0x200000ea   Data          16  as5600.o(.bss)
    printBuf                                 0x200000fa   Data          30  uart.o(.bss)
    __libspace_start                         0x20000118   Data          96  libspace.o(.bss)
    __temporary_stack_top$libspace           0x20000178   Data           0  libspace.o(.bss)



==============================================================================

Memory Map of the image

  Image Entry point : 0x080000b5

  Load Region LR_IROM1 (Base: 0x08000000, Size: 0x00003b98, Max: 0x00004000, ABSOLUTE)

    Execution Region ER_IROM1 (Base: 0x08000000, Size: 0x00003ae0, Max: 0x00004000, ABSOLUTE)

    Base Addr    Size         Type   Attr      Idx    E Section Name        Object

    0x08000000   0x000000b4   Data   RO          177    RESET               startup_mm32f003_q.o
    0x080000b4   0x00000008   Code   RO         2773  * !!!main             c_p.l(__main.o)
    0x080000bc   0x0000003c   Code   RO         3001    !!!scatter          c_p.l(__scatter.o)
    0x080000f8   0x0000001a   Code   RO         3003    !!handler_copy      c_p.l(__scatter_copy.o)
    0x08000112   0x00000002   PAD
    0x08000114   0x0000001c   Code   RO         3005    !!handler_zi        c_p.l(__scatter_zi.o)
    0x08000130   0x00000002   Code   RO         2766    .ARM.Collect$$_printf_percent$$00000000  c_p.l(_printf_percent.o)
    0x08000132   0x0000000a   Code   RO         2765    .ARM.Collect$$_printf_percent$$00000009  c_p.l(_printf_d.o)
    0x0800013c   0x00000004   Code   RO         2821    .ARM.Collect$$_printf_percent$$00000017  c_p.l(_printf_percent_end.o)
    0x08000140   0x00000002   Code   RO         2868    .ARM.Collect$$libinit$$00000000  c_p.l(libinit.o)
    0x08000142   0x00000000   Code   RO         2884    .ARM.Collect$$libinit$$00000002  c_p.l(libinit2.o)
    0x08000142   0x00000000   Code   RO         2886    .ARM.Collect$$libinit$$00000004  c_p.l(libinit2.o)
    0x08000142   0x00000000   Code   RO         2889    .ARM.Collect$$libinit$$0000000A  c_p.l(libinit2.o)
    0x08000142   0x00000000   Code   RO         2891    .ARM.Collect$$libinit$$0000000C  c_p.l(libinit2.o)
    0x08000142   0x00000000   Code   RO         2893    .ARM.Collect$$libinit$$0000000E  c_p.l(libinit2.o)
    0x08000142   0x00000000   Code   RO         2896    .ARM.Collect$$libinit$$00000011  c_p.l(libinit2.o)
    0x08000142   0x00000000   Code   RO         2898    .ARM.Collect$$libinit$$00000013  c_p.l(libinit2.o)
    0x08000142   0x00000000   Code   RO         2900    .ARM.Collect$$libinit$$00000015  c_p.l(libinit2.o)
    0x08000142   0x00000000   Code   RO         2902    .ARM.Collect$$libinit$$00000017  c_p.l(libinit2.o)
    0x08000142   0x00000000   Code   RO         2904    .ARM.Collect$$libinit$$00000019  c_p.l(libinit2.o)
    0x08000142   0x00000000   Code   RO         2906    .ARM.Collect$$libinit$$0000001B  c_p.l(libinit2.o)
    0x08000142   0x00000000   Code   RO         2908    .ARM.Collect$$libinit$$0000001D  c_p.l(libinit2.o)
    0x08000142   0x00000000   Code   RO         2910    .ARM.Collect$$libinit$$0000001F  c_p.l(libinit2.o)
    0x08000142   0x00000000   Code   RO         2912    .ARM.Collect$$libinit$$00000021  c_p.l(libinit2.o)
    0x08000142   0x00000000   Code   RO         2914    .ARM.Collect$$libinit$$00000023  c_p.l(libinit2.o)
    0x08000142   0x00000000   Code   RO         2916    .ARM.Collect$$libinit$$00000025  c_p.l(libinit2.o)
    0x08000142   0x00000000   Code   RO         2920    .ARM.Collect$$libinit$$0000002C  c_p.l(libinit2.o)
    0x08000142   0x00000000   Code   RO         2922    .ARM.Collect$$libinit$$0000002E  c_p.l(libinit2.o)
    0x08000142   0x00000000   Code   RO         2924    .ARM.Collect$$libinit$$00000030  c_p.l(libinit2.o)
    0x08000142   0x00000000   Code   RO         2926    .ARM.Collect$$libinit$$00000032  c_p.l(libinit2.o)
    0x08000142   0x00000002   Code   RO         2927    .ARM.Collect$$libinit$$00000033  c_p.l(libinit2.o)
    0x08000144   0x00000002   Code   RO         2958    .ARM.Collect$$libshutdown$$00000000  c_p.l(libshutdown.o)
    0x08000146   0x00000000   Code   RO         2984    .ARM.Collect$$libshutdown$$00000002  c_p.l(libshutdown2.o)
    0x08000146   0x00000000   Code   RO         2986    .ARM.Collect$$libshutdown$$00000004  c_p.l(libshutdown2.o)
    0x08000146   0x00000000   Code   RO         2989    .ARM.Collect$$libshutdown$$00000007  c_p.l(libshutdown2.o)
    0x08000146   0x00000000   Code   RO         2992    .ARM.Collect$$libshutdown$$0000000A  c_p.l(libshutdown2.o)
    0x08000146   0x00000000   Code   RO         2994    .ARM.Collect$$libshutdown$$0000000C  c_p.l(libshutdown2.o)
    0x08000146   0x00000000   Code   RO         2997    .ARM.Collect$$libshutdown$$0000000F  c_p.l(libshutdown2.o)
    0x08000146   0x00000002   Code   RO         2998    .ARM.Collect$$libshutdown$$00000010  c_p.l(libshutdown2.o)
    0x08000148   0x00000000   Code   RO         2810    .ARM.Collect$$rtentry$$00000000  c_p.l(__rtentry.o)
    0x08000148   0x00000000   Code   RO         2830    .ARM.Collect$$rtentry$$00000002  c_p.l(__rtentry2.o)
    0x08000148   0x00000006   Code   RO         2842    .ARM.Collect$$rtentry$$00000004  c_p.l(__rtentry4.o)
    0x0800014e   0x00000000   Code   RO         2832    .ARM.Collect$$rtentry$$00000009  c_p.l(__rtentry2.o)
    0x0800014e   0x00000004   Code   RO         2833    .ARM.Collect$$rtentry$$0000000A  c_p.l(__rtentry2.o)
    0x08000152   0x00000000   Code   RO         2835    .ARM.Collect$$rtentry$$0000000C  c_p.l(__rtentry2.o)
    0x08000152   0x00000008   Code   RO         2836    .ARM.Collect$$rtentry$$0000000D  c_p.l(__rtentry2.o)
    0x0800015a   0x00000002   Code   RO         2875    .ARM.Collect$$rtexit$$00000000  c_p.l(rtexit.o)
    0x0800015c   0x00000000   Code   RO         2931    .ARM.Collect$$rtexit$$00000002  c_p.l(rtexit2.o)
    0x0800015c   0x00000004   Code   RO         2932    .ARM.Collect$$rtexit$$00000003  c_p.l(rtexit2.o)
    0x08000160   0x00000006   Code   RO         2933    .ARM.Collect$$rtexit$$00000004  c_p.l(rtexit2.o)
    0x08000166   0x00000002   PAD
    0x08000168   0x00000078   Code   RO          178    .text               startup_mm32f003_q.o
    0x080001e0   0x0000002c   Code   RO         2737    .text               c_p.l(__2sprintf.o)
    0x0800020c   0x0000006c   Code   RO         2741    .text               c_p.l(__printf.o)
    0x08000278   0x0000006c   Code   RO         2743    .text               c_p.l(_printf_dec.o)
    0x080002e4   0x0000015a   Code   RO         2767    .text               c_p.l(aeabi_sdiv.o)
    0x0800043e   0x00000006   Code   RO         2771    .text               c_p.l(heapauxi.o)
    0x08000444   0x00000358   Code   RO         2775    .text               fz_ps.l(daddsub.o)
    0x0800079c   0x00000048   Code   RO         2777    .text               fz_ps.l(dfixui.o)
    0x080007e4   0x00000058   Code   RO         2779    .text               fz_ps.l(dflti.o)
    0x0800083c   0x00000248   Code   RO         2783    .text               fz_ps.l(dmul.o)
    0x08000a84   0x00000054   Code   RO         2787    .text               fz_ps.l(f2d.o)
    0x08000ad8   0x00000160   Code   RO         2795    .text               fz_ps.l(fdiv.o)
    0x08000c38   0x0000004c   Code   RO         2798    .text               fz_ps.l(ffixi.o)
    0x08000c84   0x00000030   Code   RO         2800    .text               fz_ps.l(ffixui.o)
    0x08000cb4   0x0000005e   Code   RO         2802    .text               fz_ps.l(fflti.o)
    0x08000d12   0x000000b0   Code   RO         2815    .text               c_p.l(_printf_intcommon.o)
    0x08000dc2   0x00000002   PAD
    0x08000dc4   0x00000030   Code   RO         2817    .text               c_p.l(_printf_char_common.o)
    0x08000df4   0x0000000a   Code   RO         2819    .text               c_p.l(_sputc.o)
    0x08000dfe   0x00000028   Code   RO         2822    .text               c_p.l(rtudiv10.o)
    0x08000e26   0x00000002   PAD
    0x08000e28   0x00000090   Code   RO         2824    .text               fz_ps.l(dcmpin.o)
    0x08000eb8   0x00000064   Code   RO         2826    .text               fz_ps.l(fcmpin.o)
    0x08000f1c   0x0000002e   Code   RO         2848    .text               fz_ps.l(cmpret.o)
    0x08000f4a   0x00000002   PAD
    0x08000f4c   0x00000014   Code   RO         2850    .text               fz_ps.l(dnan2.o)
    0x08000f60   0x00000010   Code   RO         2852    .text               fz_ps.l(fnan2.o)
    0x08000f70   0x0000003e   Code   RO         2854    .text               c_p.l(sys_stackheap_outer.o)
    0x08000fae   0x00000010   Code   RO         2857    .text               c_p.l(exit.o)
    0x08000fbe   0x0000005e   Code   RO         2869    .text               fz_ps.l(retnan.o)
    0x0800101c   0x00000008   Code   RO         2871    .text               c_p.l(libspace.o)
    0x08001024   0x0000000c   Code   RO         2928    .text               c_p.l(sys_exit.o)
    0x08001030   0x00000002   Code   RO         2947    .text               c_p.l(use_no_semi.o)
    0x08001032   0x00000000   Code   RO         2949    .text               c_p.l(indicate_semi.o)
    0x08001032   0x00000002   PAD
    0x08001034   0x000000d0   Code   RO          238    i.AS5600_Init       as5600.o
    0x08001104   0x00000138   Code   RO         2639    i.AS5600_Process    app.o
    0x0800123c   0x00000002   Code   RO          379    i.Ctrl_Parameter_Init  ctrl.o
    0x0800123e   0x00000002   PAD
    0x08001240   0x000000a0   Code   RO         2640    i.Ctrl_Process      app.o
    0x080012e0   0x0000000c   Code   RO          871    i.DMA_ClearFlag     hal_dma.o
    0x080012ec   0x00000018   Code   RO          873    i.DMA_Cmd           hal_dma.o
    0x08001304   0x000000a4   Code   RO          874    i.DMA_DeInit        hal_dma.o
    0x080013a8   0x00000020   Code   RO          876    i.DMA_GetFlagStatus  hal_dma.o
    0x080013c8   0x00000014   Code   RO          878    i.DMA_ITConfig      hal_dma.o
    0x080013dc   0x00000040   Code   RO          879    i.DMA_Init          hal_dma.o
    0x0800141c   0x00000004   Code   RO          443    i.DMA_Set_MemoryAddress  scio.o
    0x08001420   0x00000018   Code   RO          444    i.DMA_Set_MemoryInc_Enable  scio.o
    0x08001438   0x00000004   Code   RO          445    i.DMA_Set_TransmitLen  scio.o
    0x0800143c   0x00000034   Code   RO          446    i.DRV_DMA_TransmitPacket  scio.o
    0x08001470   0x0000000c   Code   RO         1007    i.FLASH_ClearFlag   hal_flash.o
    0x0800147c   0x00000054   Code   RO         1011    i.FLASH_ErasePage   hal_flash.o
    0x080014d0   0x0000003c   Code   RO         1015    i.FLASH_GetStatus   hal_flash.o
    0x0800150c   0x00000014   Code   RO         1020    i.FLASH_Lock        hal_flash.o
    0x08001520   0x00000068   Code   RO         1024    i.FLASH_ProgramWord  hal_flash.o
    0x08001588   0x00000018   Code   RO         1027    i.FLASH_Unlock      hal_flash.o
    0x080015a0   0x0000002c   Code   RO         1029    i.FLASH_WaitForLastOperation  hal_flash.o
    0x080015cc   0x0000005c   Code   RO          547    i.FOAC              svpwm.o
    0x08001628   0x00000148   Code   RO         2641    i.FeedBack_Process  app.o
    0x08001770   0x0000001c   Code   RO         2642    i.Flash_Process     app.o
    0x0800178c   0x00000054   Code   RO          319    i.GPIO_Clock_Set    basic.o
    0x080017e0   0x000000de   Code   RO         1165    i.GPIO_Init         hal_gpio.o
    0x080018be   0x00000046   Code   RO         1166    i.GPIO_PinAFConfig  hal_gpio.o
    0x08001904   0x00000004   Code   RO         1172    i.GPIO_ResetBits    hal_gpio.o
    0x08001908   0x0000000c   Code   RO         2643    i.Get_new_Data      app.o
    0x08001914   0x00000044   Code   RO          240    i.I2C1BusFreeGPIOMode  as5600.o
    0x08001958   0x00000058   Code   RO          241    i.I2C1ConfigGPIOMode  as5600.o
    0x080019b0   0x000002b8   Code   RO          242    i.I2C1_IRQHandler   as5600.o
    0x08001c68   0x00000092   Code   RO         1258    i.I2C_ClearITPendingBit  hal_i2c.o
    0x08001cfa   0x00000002   PAD
    0x08001cfc   0x00000024   Code   RO         1259    i.I2C_Cmd           hal_i2c.o
    0x08001d20   0x0000002a   Code   RO         1265    i.I2C_GenerateSTOP  hal_i2c.o
    0x08001d4a   0x00000002   PAD
    0x08001d4c   0x00000050   Code   RO         1266    i.I2C_GetFlagStatus  hal_i2c.o
    0x08001d9c   0x00000014   Code   RO         1267    i.I2C_GetITStatus   hal_i2c.o
    0x08001db0   0x0000001c   Code   RO         1269    i.I2C_ITConfig      hal_i2c.o
    0x08001dcc   0x000000cc   Code   RO         1270    i.I2C_Init          hal_i2c.o
    0x08001e98   0x00000008   Code   RO         1272    i.I2C_ReadCmd       hal_i2c.o
    0x08001ea0   0x00000014   Code   RO         1275    i.I2C_ReceiveData   hal_i2c.o
    0x08001eb4   0x00000006   Code   RO         1276    i.I2C_Send7bitAddress  hal_i2c.o
    0x08001eba   0x00000004   Code   RO         1277    i.I2C_SendData      hal_i2c.o
    0x08001ebe   0x00000002   PAD
    0x08001ec0   0x00000028   Code   RO         2644    i.ID_Flash_Init     app.o
    0x08001ee8   0x00000048   Code   RO          244    i.IIC_Init          as5600.o
    0x08001f30   0x00000016   Code   RO          245    i.IIC_interrupt_Init  as5600.o
    0x08001f46   0x00000026   Code   RO          320    i.KEY_Init          basic.o
    0x08001f6c   0x00000030   Code   RO          321    i.LED_Init          basic.o
    0x08001f9c   0x00000044   Code   RO          381    i.Motor_Increment_Position_Ctrl  ctrl.o
    0x08001fe0   0x000000e4   Code   RO          382    i.Motor_Speed_Ctrl  ctrl.o
    0x080020c4   0x00000070   Code   RO         1467    i.NVIC_Init         hal_misc.o
    0x08002134   0x00000078   Code   RO          322    i.NVIC_SetPriority  basic.o
    0x080021ac   0x00000086   Code   RO          383    i.PID_Position      ctrl.o
    0x08002232   0x000000e0   Code   RO          384    i.PID_Speed         ctrl.o
    0x08002312   0x00000002   PAD
    0x08002314   0x0000004c   Code   RO          246    i.Parameter_Init    as5600.o
    0x08002360   0x00000020   Code   RO         1579    i.RCC_AHBPeriphClockCmd  hal_rcc.o
    0x08002380   0x00000020   Code   RO         1580    i.RCC_APB1PeriphClockCmd  hal_rcc.o
    0x080023a0   0x00000020   Code   RO         1582    i.RCC_APB2PeriphClockCmd  hal_rcc.o
    0x080023c0   0x0000009c   Code   RO         1589    i.RCC_GetClocksFreq  hal_rcc.o
    0x0800245c   0x00000018   Code   RO          247    i.Read_AS5600_Start  as5600.o
    0x08002474   0x0000002c   Code   RO         2645    i.Read_IDs_From_Flash  app.o
    0x080024a0   0x00000088   Code   RO          447    i.SCIO_ConfigInit   scio.o
    0x08002528   0x00000224   Code   RO         2646    i.SCIO_Data_Analysis  app.o
    0x0800274c   0x00000030   Code   RO          448    i.SCIO_Init         scio.o
    0x0800277c   0x00000034   Code   RO         2647    i.SCIO_Process      app.o
    0x080027b0   0x0000011c   Code   RO          548    i.SVPWM             svpwm.o
    0x080028cc   0x00000022   Code   RO          549    i.SVPWM_Init        svpwm.o
    0x080028ee   0x00000002   PAD
    0x080028f0   0x00000028   Code   RO          552    i.SVPWM_config      svpwm.o
    0x08002918   0x00000028   Code   RO          449    i.Serial_Bps_Setting  scio.o
    0x08002940   0x00000008   Code   RO          141    i.SetSysClock       system_mm32f003_q.o
    0x08002948   0x00000084   Code   RO          142    i.SetSysClockTo48_HSI  system_mm32f003_q.o
    0x080029cc   0x000000a4   Code   RO          385    i.Set_Ctrl_Parma    ctrl.o
    0x08002a70   0x00000018   Code   RO          323    i.SysTick_Handler   basic.o
    0x08002a88   0x0000004c   Code   RO          143    i.SystemInit        system_mm32f003_q.o
    0x08002ad4   0x0000000c   Code   RO         2648    i.TIM2_IRQHandler   app.o
    0x08002ae0   0x0000001c   Code   RO         2649    i.TIM3_IRQHandler   app.o
    0x08002afc   0x0000001c   Code   RO         1903    i.TIM_ARRPreloadConfig  hal_tim.o
    0x08002b18   0x0000001e   Code   RO         1904    i.TIM_BDTRConfig    hal_tim.o
    0x08002b36   0x00000008   Code   RO         1910    i.TIM_ClearITPendingBit  hal_tim.o
    0x08002b3e   0x00000002   PAD
    0x08002b40   0x0000001c   Code   RO         1916    i.TIM_Cmd           hal_tim.o
    0x08002b5c   0x0000001a   Code   RO         1918    i.TIM_CtrlPWMOutputs  hal_tim.o
    0x08002b76   0x0000001a   Code   RO         1941    i.TIM_ITConfig      hal_tim.o
    0x08002b90   0x00000018   Code   RO         1942    i.TIM_ITRxExternalClockConfig  hal_tim.o
    0x08002ba8   0x00000090   Code   RO         1945    i.TIM_OC1Init       hal_tim.o
    0x08002c38   0x0000001c   Code   RO         1948    i.TIM_OC1PreloadConfig  hal_tim.o
    0x08002c54   0x000000a8   Code   RO         1950    i.TIM_OC2Init       hal_tim.o
    0x08002cfc   0x0000001c   Code   RO         1953    i.TIM_OC2PreloadConfig  hal_tim.o
    0x08002d18   0x000000a0   Code   RO         1955    i.TIM_OC3Init       hal_tim.o
    0x08002db8   0x0000001c   Code   RO         1958    i.TIM_OC3PreloadConfig  hal_tim.o
    0x08002dd4   0x00000078   Code   RO         1960    i.TIM_OC4Init       hal_tim.o
    0x08002e4c   0x0000001c   Code   RO         1962    i.TIM_OC4PreloadConfig  hal_tim.o
    0x08002e68   0x00000050   Code   RO         1964    i.TIM_OC5Init       hal_tim.o
    0x08002eb8   0x0000001c   Code   RO         1966    i.TIM_OC5PreloadConfig  hal_tim.o
    0x08002ed4   0x0000001c   Code   RO         1973    i.TIM_SelectInputTrigger  hal_tim.o
    0x08002ef0   0x00000014   Code   RO         1977    i.TIM_SelectOutputTrigger  hal_tim.o
    0x08002f04   0x00000014   Code   RO         1978    i.TIM_SelectSlaveMode  hal_tim.o
    0x08002f18   0x00000004   Code   RO         1981    i.TIM_SetCompare1   hal_tim.o
    0x08002f1c   0x00000004   Code   RO         1982    i.TIM_SetCompare2   hal_tim.o
    0x08002f20   0x00000004   Code   RO         1983    i.TIM_SetCompare3   hal_tim.o
    0x08002f24   0x00000060   Code   RO         1992    i.TIM_TimeBaseInit  hal_tim.o
    0x08002f84   0x00000014   Code   RO         1993    i.TIM_TimeBaseStructInit  hal_tim.o
    0x08002f98   0x00000038   Code   RO          450    i.TX_Mode_Setting   scio.o
    0x08002fd0   0x00000016   Code   RO          554    i.Timer_NVIC_Init   svpwm.o
    0x08002fe6   0x00000002   PAD
    0x08002fe8   0x00000198   Code   RO          555    i.Timers_Init       svpwm.o
    0x08003180   0x00000054   Code   RO          451    i.UART2_DMA_RX_Init  scio.o
    0x080031d4   0x00000020   Code   RO          452    i.UART2_DMA_Readbuf_Start  scio.o
    0x080031f4   0x00000050   Code   RO          453    i.UART2_DMA_TX_Init  scio.o
    0x08003244   0x000000c8   Code   RO          624    i.UART2_IRQHandler  uart.o
    0x0800330c   0x0000002c   Code   RO          456    i.UART2_updata_DMA_Rbuf  scio.o
    0x08003338   0x00000004   Code   RO         2492    i.UART_ClearITPendingBit  hal_uart.o
    0x0800333c   0x0000001c   Code   RO         2493    i.UART_Cmd          hal_uart.o
    0x08003358   0x00000014   Code   RO         2494    i.UART_DMACmd       hal_uart.o
    0x0800336c   0x00000014   Code   RO         2496    i.UART_GetFlagStatus  hal_uart.o
    0x08003380   0x00000014   Code   RO         2497    i.UART_GetITStatus  hal_uart.o
    0x08003394   0x00000014   Code   RO         2498    i.UART_ITConfig     hal_uart.o
    0x080033a8   0x00000078   Code   RO         2499    i.UART_Init         hal_uart.o
    0x08003420   0x00000008   Code   RO         2500    i.UART_ReceiveData  hal_uart.o
    0x08003428   0x00000006   Code   RO         2501    i.UART_SendData     hal_uart.o
    0x0800342e   0x00000002   PAD
    0x08003430   0x00000020   Code   RO          626    i.UartSendByte      uart.o
    0x08003450   0x0000001c   Code   RO          627    i.UartSendGroup     uart.o
    0x0800346c   0x00000058   Code   RO         2650    i.Write_IDs_To_Flash  app.o
    0x080034c4   0x0000001c   Code   RO          433    i.__ARM_common_switch8  ctrl.o
    0x080034e0   0x0000001a   Code   RO         1030    i.delay             hal_flash.o
    0x080034fa   0x00000002   PAD
    0x080034fc   0x00000054   Code   RO          324    i.delay_init        basic.o
    0x08003550   0x00000018   Code   RO          325    i.delay_ms          basic.o
    0x08003568   0x00000080   Code   RO          556    i.initGPIO_Timer1   svpwm.o
    0x080035e8   0x00000050   Code   RO            3    i.main              main.o
    0x08003638   0x00000064   Code   RO         2781    x$fpl$dleqf         fz_ps.l(dlef.o)
    0x0800369c   0x00000068   Code   RO         2785    x$fpl$drleqf        fz_ps.l(drlef.o)
    0x08003704   0x0000008c   Code   RO         2789    x$fpl$fadd          fz_ps.l(faddsub.o)
    0x08003790   0x00000054   Code   RO         2804    x$fpl$fleqf         fz_ps.l(flef.o)
    0x080037e4   0x000000b0   Code   RO         2806    x$fpl$fmul          fz_ps.l(fmul.o)
    0x08003894   0x00000058   Code   RO         2808    x$fpl$frleqf        fz_ps.l(frlef.o)
    0x080038ec   0x000000d0   Code   RO         2791    x$fpl$fsub          fz_ps.l(faddsub.o)
    0x080039bc   0x00000000   Code   RO         2828    x$fpl$usenofp       fz_ps.l(usenofp.o)
    0x080039bc   0x000000c4   Data   RO          557    .constdata          svpwm.o
    0x08003a80   0x00000040   Data   RO         2796    .constdata          fz_ps.l(fdiv.o)
    0x08003ac0   0x00000020   Data   RO         2999    Region$$Table       anon$$obj.o


    Execution Region RW_IRAM1 (Base: 0x20000000, Size: 0x00000378, Max: 0x00000800, ABSOLUTE)

    Base Addr    Size         Type   Attr      Idx    E Section Name        Object

    0x20000000   0x00000004   Data   RW          144    .data               system_mm32f003_q.o
    0x20000004   0x00000022   Data   RW          249    .data               as5600.o
    0x20000026   0x00000002   PAD
    0x20000028   0x00000004   Data   RW          326    .data               basic.o
    0x2000002c   0x0000004a   Data   RW          386    .data               ctrl.o
    0x20000076   0x00000009   Data   RW          457    .data               scio.o
    0x2000007f   0x00000001   PAD
    0x20000080   0x00000006   Data   RW          630    .data               uart.o
    0x20000086   0x00000004   Data   RW         1280    .data               hal_i2c.o
    0x2000008a   0x00000010   Data   RW         1603    .data               hal_rcc.o
    0x2000009a   0x00000002   PAD
    0x2000009c   0x0000001a   Data   RW         2652    .data               app.o
    0x200000b6   0x00000002   PAD
    0x200000b8   0x00000042   Zero   RW          248    .bss                as5600.o
    0x200000fa   0x0000001e   Zero   RW          629    .bss                uart.o
    0x20000118   0x00000060   Zero   RW         2872    .bss                c_p.l(libspace.o)
    0x20000178   0x00000000   Zero   RW          176    HEAP                startup_mm32f003_q.o
    0x20000178   0x00000200   Zero   RW          175    STACK               startup_mm32f003_q.o


==============================================================================

Image component sizes


      Code (inc. data)   RO Data    RW Data    ZI Data      Debug   Object Name

      1652        314          0         26          0       6536   app.o
      1254        146          0         34         66       5780   as5600.o
       422         50          0          4          0       9521   basic.o
       848         76          0         74          0       5983   ctrl.o
       316         28          0          0          0       3993   hal_dma.o
       374         50          0          0          0       5647   hal_flash.o
       296          0          0          0          0       3024   hal_gpio.o
       594         36          0          4          0       7748   hal_i2c.o
       112          6          0          0          0        944   hal_misc.o
       252         32          0         16          0       4058   hal_rcc.o
      1178        192          0          0          0      15208   hal_tim.o
       246          8          0          0          0       5745   hal_uart.o
        80          6          0          0          0     141955   main.o
       604         64          0          9          0       6865   scio.o
       120         52        180          0        512        880   startup_mm32f003_q.o
      1008         58        196          0          0       4620   svpwm.o
       216         18          0          4          0       1711   system_mm32f003_q.o
       260         26          0          6         30       2108   uart.o

    ----------------------------------------------------------------------
      9852       1162        408        184        608     232326   Object Totals
         0          0         32          0          0          0   (incl. Generated)
        20          0          0          7          0          0   (incl. Padding)

    ----------------------------------------------------------------------

      Code (inc. data)   RO Data    RW Data    ZI Data      Debug   Library Member Name

        44          4          0          0          0         84   __2sprintf.o
         8          0          0          0          0         68   __main.o
       108          0          0          0          0         76   __printf.o
         0          0          0          0          0          0   __rtentry.o
        12          0          0          0          0          0   __rtentry2.o
         6          0          0          0          0          0   __rtentry4.o
        60          8          0          0          0          0   __scatter.o
        26          0          0          0          0          0   __scatter_copy.o
        28          0          0          0          0          0   __scatter_zi.o
        48          6          0          0          0         88   _printf_char_common.o
        10          0          0          0          0          0   _printf_d.o
       108         18          0          0          0         76   _printf_dec.o
       176          0          0          0          0         84   _printf_intcommon.o
         2          0          0          0          0          0   _printf_percent.o
         4          0          0          0          0          0   _printf_percent_end.o
        10          0          0          0          0         60   _sputc.o
       346          0          0          0          0         92   aeabi_sdiv.o
        16          0          0          0          0         68   exit.o
         6          0          0          0          0        136   heapauxi.o
         0          0          0          0          0          0   indicate_semi.o
         2          0          0          0          0          0   libinit.o
         2          0          0          0          0          0   libinit2.o
         2          0          0          0          0          0   libshutdown.o
         2          0          0          0          0          0   libshutdown2.o
         8          4          0          0         96         68   libspace.o
         2          0          0          0          0          0   rtexit.o
        10          0          0          0          0          0   rtexit2.o
        40          0          0          0          0         60   rtudiv10.o
        12          4          0          0          0         60   sys_exit.o
        62          0          0          0          0         80   sys_stackheap_outer.o
         2          0          0          0          0         68   use_no_semi.o
        46          0          0          0          0         60   cmpret.o
       856         20          0          0          0        208   daddsub.o
       144          4          0          0          0         76   dcmpin.o
        72          4          0          0          0         68   dfixui.o
        88          0          0          0          0         92   dflti.o
       100          4          0          0          0         92   dlef.o
       584         26          0          0          0         84   dmul.o
        20          6          0          0          0         68   dnan2.o
       104          4          0          0          0        104   drlef.o
        84          4          0          0          0         60   f2d.o
       348          8          0          0          0        160   faddsub.o
       100          4          0          0          0         68   fcmpin.o
       352         10         64          0          0         92   fdiv.o
        76          0          0          0          0         68   ffixi.o
        48          0          0          0          0         60   ffixui.o
        94          0          0          0          0         92   fflti.o
        84          4          0          0          0         76   flef.o
       176          4          0          0          0         80   fmul.o
        16          6          0          0          0         68   fnan2.o
        88          4          0          0          0         76   frlef.o
        94          0          0          0          0         68   retnan.o
         0          0          0          0          0          0   usenofp.o

    ----------------------------------------------------------------------
      4748        156         64          0         96       2988   Library Totals
        12          0          0          0          0          0   (incl. Padding)

    ----------------------------------------------------------------------

      Code (inc. data)   RO Data    RW Data    ZI Data      Debug   Library Name

      1162         44          0          0         96       1168   c_p.l
      3574        112         64          0          0       1820   fz_ps.l

    ----------------------------------------------------------------------
      4748        156         64          0         96       2988   Library Totals

    ----------------------------------------------------------------------

==============================================================================


      Code (inc. data)   RO Data    RW Data    ZI Data      Debug   

     14600       1318        472        184        704     228426   Grand Totals
     14600       1318        472        184        704     228426   ELF Image Totals
     14600       1318        472        184          0          0   ROM Totals

==============================================================================

    Total RO  Size (Code + RO Data)                15072 (  14.72kB)
    Total RW  Size (RW Data + ZI Data)               888 (   0.87kB)
    Total ROM Size (Code + RO Data + RW Data)      15256 (  14.90kB)

==============================================================================

